// Jest Snapshot v1, https://goo.gl/fbAQLP

exports[`features - LaNacion - Nota - ordered Test de snapshot Ordered 1`] = `
<ol
  class="com-ordered"
>
  <li
    class="com-item"
  >
    <div>
      Soy el children
    </div>
  </li>
  <li
    class="com-item"
  >
    <p>
      Soy el p
    </p>
  </li>
</ol>
`;
