// Jest Snapshot v1, https://goo.gl/fbAQLP

exports[`Private - LN - Acumulado - ImagePreloadAcu render correctly 1`] = `
[
  "<link rel="preload" as="image" fetchpriority="high" href="https://www.lanacion.com.ar/resizer/EoAVN415NnJ_hhSCYZlSa_o2oYs=/360x240/smart/filters:format(webp):quality(80)/cloudfront-us-east-1.images.arcpublishing.com/lanacionar/6AOT7FFVEFBGTAHJDGINZ3RHKI.jpg">",
  "<link rel="preload" as="image" fetchpriority="high" href="https://www.lanacion.com.ar/resizer/_15l66F4uJzOU0PiP0Fo-zcCkAY=/768x512/smart/filters:format(webp):quality(80)/cloudfront-us-east-1.images.arcpublishing.com/lanacionar/6AOT7FFVEFBGTAHJDGINZ3RHKI.jpg">",
  "<link rel="preload" as="image" fetchpriority="high" href="https://www.lanacion.com.ar/resizer/PKvYWtapw096AielvEcSPtG8wls=/351x234/smart/filters:format(webp):quality(80)/cloudfront-us-east-1.images.arcpublishing.com/lanacionar/6AOT7FFVEFBGTAHJDGINZ3RHKI.jpg">",
  "<link rel="preload" as="image" fetchpriority="high" href="https://www.lanacion.com.ar/resizer/EoAVN415NnJ_hhSCYZlSa_o2oYs=/360x240/smart/filters:format(webp):quality(80)/cloudfront-us-east-1.images.arcpublishing.com/lanacionar/6AOT7FFVEFBGTAHJDGINZ3RHKI.jpg">",
]
`;
