// Jest Snapshot v1, https://goo.gl/fbAQLP

exports[`Common private currencyData - with dbna CurrencyData snapshot 1`] = `
<div
  class=" currency-data"
>
  <mock-com-link
    classcondition="link-container-currency-data"
    link="https://www.lanacion.com.ar/dolar-hoy/"
    title="Dólar hoy"
    type="text/css"
  >
    <mock-text
      extraclass="dolar-title"
      size="--fourxs"
      tag="h2"
      text="Dólar hoy"
    />
  </mock-com-link>
  <p
    class="com-text --sixxs"
  >
    <span>
      Compra
    </span>
    <strong
      class="--font-bold"
    >
      $104,25
    </strong>
    <span>
      Venta
    </span>
    <strong
      class="--font-bold"
    >
      $110,25
    </strong>
  </p>
</div>
`;

exports[`Currency data with urlBrand Snapshot de component con urlBrand 1`] = `
<div
  class=" currency-data"
>
  <mock-com-link
    classcondition="link-container-currency-data"
    link="https://www.lanacion.com.ar/dolar-hoy/"
    title="Dólar hoy"
    type="text/css"
  >
    <mock-text
      extraclass="dolar-title"
      size="--fourxs"
      tag="h2"
      text="Dólar hoy"
    />
  </mock-com-link>
  <p
    class="com-text --sixxs"
  >
    <span>
      Compra
    </span>
    <strong
      class="--font-bold"
    >
      $104,25
    </strong>
    <span>
      Venta
    </span>
    <strong
      class="--font-bold"
    >
      $110,25
    </strong>
  </p>
</div>
`;
