// Jest Snapshot v1, https://goo.gl/fbAQLP

exports[`ModFirma Matches snapshot 1`] = `
<div
  class="container-firma"
>
  <a
    class="com-link --autor "
    href="https://lanacion.com.ar"
  >
    Pepe
  </a>
  <a
    class="com-link --autor "
    href="https://lanacion.com.ar"
  >
    Paco
  </a>
</div>
`;
