// Jest Snapshot v1, https://goo.gl/fbAQLP

exports[`ModSponsor Matches Snapshot 1`] = `
<div
  class="mod-sponsor  jardin"
>
  <a
    class="com-link"
    href="/revista-jardin"
  >
    <i
      class="com-logo logo-jardin --color --sm"
    />
  </a>
  <span
    class=" com-text --sponsor --threexs"
  >
    Espacio Patrocinado
  </span>
</div>
`;
