// Jest Snapshot v1, https://goo.gl/fbAQLP

exports[`LN - Common - Snippet Snippet nota recetas snapshot 1`] = `
<snippetIndex
  arcSite="la-nacion-ar"
  globalContent={
    Object {
      "_id": "TWKFZQ6FCNF3ZKPHGGZPMSSOGQ",
      "additional_properties": Object {
        "clipboard": Object {},
        "has_published_copy": true,
        "is_published": true,
        "publish_date": "2019-02-21T19:18:10.721Z",
      },
      "address": Object {},
      "canonical_url": "/2018/09/20/tras-el-0-0-con-independiente-como-le-fue-a-river-en-la-era-marcelo-gallardo-cuando-tuvo-que-definir-una-serie-como-local/",
      "canonical_website": "la-nacion-ar",
      "content_elements": Array [
        Object {
          "_id": "WEZHDQGSB5EK7MHKUW7VA7ZS7I",
          "additional_properties": Object {
            "_id": "S4GRUAX42JHJZDIBPYFYIM6DJQ",
            "comments": Array [],
          },
          "embed": Object {
            "config": Object {
              "items": Array [
                "Tomate",
                "Zanahoria",
                "Cebolla",
                "Ajo",
              ],
              "titleList": "Para la salsa",
              "typeList": "ingredientes",
            },
            "id": "d11763c5ae165",
            "url": "https://handle-lists.itjquintana.now.sh/",
          },
          "subtype": "custom-ingrediente",
          "type": "custom_embed",
        },
        Object {
          "_id": "JRFVVOFE6FCHNFSW2LNTACOW7M",
          "additional_properties": Object {
            "_id": "UL7KZS4M7READMBWQ6VWAG55X4",
            "comments": Array [],
          },
          "embed": Object {
            "config": Object {
              "items": Array [
                "Tomate",
                "Harina",
                "Huevos",
                "Lo que sea",
              ],
              "titleList": "Para lo que sea",
              "typeList": "ingredientes",
            },
            "id": "1a0db6cda9545f",
            "url": "https://handle-lists.itjquintana.now.sh/",
          },
          "subtype": "custom-ingrediente",
          "type": "custom_embed",
        },
        Object {
          "_id": "LDBESZHOGRHBFDCG7YAH2ZXMKA",
          "additional_properties": Object {
            "_id": "XW2CI2SCL5HIFMZFB4DUMJTVBA",
            "comments": Array [],
          },
          "embed": Object {
            "config": Object {
              "items": Array [
                "Cocinar",
                "Probar",
                "Servir",
              ],
              "titleList": "Para la salsa",
              "typeList": "preparacion",
            },
            "id": "ac76aeaf266a3",
            "url": "https://handle-lists.itjquintana.now.sh/",
          },
          "subtype": "custom-preparacion",
          "type": "custom_embed",
        },
        Object {
          "_id": "4MRKV2NDHBEEFG2PE37USQR724",
          "additional_properties": Object {
            "_id": 1539009633375,
            "comments": Array [],
            "inline_comments": Array [],
          },
          "content": "Compartí la información confiable y la opinión de los especialistas más prestigiosos con este link: Tras el 0-0 con Independiente: cómo le fue a River en la era Marcelo Gallardo cuando tuvo que definir una serie como local - URL: \\"<a href=\\"https://www.lanacion.com.ar/2173809-tras-0-0-independiente-como-le-fue-river\\" target=_blank>https://www.lanacion.com.ar/2173809-tras-0-0-independiente-como-le-fue-river</a> - Copyright © LA NACION",
          "type": "text",
        },
        Object {
          "_id": "7YQIJZWJMVFR5OSPPIW34GXK7E",
          "additional_properties": Object {
            "_id": 1539009633376,
            "comments": Array [],
            "inline_comments": Array [],
          },
          "content": "<br/>",
          "type": "text",
        },
        Object {
          "_id": "YQPFIZTCKVFKFDHNINT7IBBI6U",
          "additional_properties": Object {
            "_id": 1550690199877,
            "comments": Array [],
            "fullSizeResizeUrl": "/photo/resize/waT0eaOu9z7W7IYRMEMgR-ikEUI=/arc-anglerfish-arc2-sandbox-sandbox-lanacionar/public/YQPFIZTCKVFKFDHNINT7IBBI6U.jpg",
            "galleries": Array [
              Object {
                "_id": "BRIS3MF3WVGILKMWCYDUOKUBCA",
                "headlines": Object {
                  "basic": "Galeria 1",
                },
              },
              Object {
                "_id": "72XYP4URE5BIRFVD6RGWBQ2ZAY",
                "headlines": Object {
                  "basic": "Galeria 2",
                },
              },
            ],
            "ingestionMethod": "manual",
            "keywords": Array [],
            "mime_type": "image/jpeg",
            "originalName": "River.jpg",
            "originalUrl": "https://arc-anglerfish-arc2-sandbox-sandbox-lanacionar.s3.amazonaws.com/public/YQPFIZTCKVFKFDHNINT7IBBI6U.jpg",
            "owner": "megan.pantlin@washpost.com",
            "proxyUrl": "/photo/resize/waT0eaOu9z7W7IYRMEMgR-ikEUI=/arc-anglerfish-arc2-sandbox-sandbox-lanacionar/public/YQPFIZTCKVFKFDHNINT7IBBI6U.jpg",
            "published": true,
            "resizeUrl": "http://thumbor-prod-us-east-1.photo.aws.arc.pub/waT0eaOu9z7W7IYRMEMgR-ikEUI=/arc-anglerfish-arc2-sandbox-sandbox-lanacionar/public/YQPFIZTCKVFKFDHNINT7IBBI6U.jpg",
            "restricted": false,
            "version": 0,
          },
          "address": Object {},
          "created_date": "2018-09-20T14:08:26Z",
          "credits": Object {
            "affiliation": Array [],
          },
          "height": 230,
          "last_updated_date": "2018-09-20T14:08:26Z",
          "licensable": false,
          "owner": Object {
            "id": "sandbox.lanacionar",
            "sponsored": false,
          },
          "source": Object {
            "edit_url": "https://sandbox.lanacionar.arcpublishing.com/photo/YQPFIZTCKVFKFDHNINT7IBBI6U",
            "system": "Anglerfish",
          },
          "subtitle": "River",
          "type": "image",
          "url": "https://arc-anglerfish-arc2-sandbox-sandbox-lanacionar.s3.amazonaws.com/public/YQPFIZTCKVFKFDHNINT7IBBI6U.jpg",
          "version": "0.9.0",
          "width": 345,
        },
      ],
      "created_date": "2018-09-20T14:08:07.424Z",
      "credits": Object {
        "by": Array [
          Object {
            "_id": "Cristian Grosso",
            "referent": Object {
              "id": "Cristian Grosso",
              "provider": "http://arc-author-service-arc2-dev.internal.arc2.nile.works/api/v1",
              "referent_properties": Object {},
              "type": "author",
            },
            "type": "reference",
          },
        ],
      },
      "description": Object {
        "basic": "",
      },
      "display_date": "2018-09-20T14:08:46.236Z",
      "distributor": Object {
        "additional_properties": Object {},
        "category": "staff",
        "name": "lanacionar",
        "subcategory": "",
      },
      "first_publish_date": "2018-09-20T14:08:49.132Z",
      "headlines": Object {
        "basic": "Tras el 0-0 con Independiente: cómo le fue a River en la era Marcelo Gallardo cuando tuvo que definir una serie como local",
        "meta_title": "",
        "mobile": "",
        "native": "",
        "print": "",
        "tablet": "",
        "web": "",
      },
      "label": Object {},
      "language": "",
      "last_updated_date": "2019-07-15T15:50:35.043Z",
      "owner": Object {
        "id": "sandbox.lanacionar",
        "sponsored": false,
      },
      "planning": Object {
        "internal_note": "",
      },
      "promo_items": Object {
        "basic": Object {
          "_id": "YQPFIZTCKVFKFDHNINT7IBBI6U",
          "additional_properties": Object {
            "fullSizeResizeUrl": "/photo/resize/waT0eaOu9z7W7IYRMEMgR-ikEUI=/arc-anglerfish-arc2-sandbox-sandbox-lanacionar/public/YQPFIZTCKVFKFDHNINT7IBBI6U.jpg",
            "galleries": Array [
              Object {
                "_id": "BRIS3MF3WVGILKMWCYDUOKUBCA",
                "headlines": Object {
                  "basic": "Galeria 1",
                },
              },
              Object {
                "_id": "72XYP4URE5BIRFVD6RGWBQ2ZAY",
                "headlines": Object {
                  "basic": "Galeria 2",
                },
              },
            ],
            "ingestionMethod": "manual",
            "keywords": Array [],
            "mime_type": "image/jpeg",
            "originalName": "River.jpg",
            "originalUrl": "https://arc-anglerfish-arc2-sandbox-sandbox-lanacionar.s3.amazonaws.com/public/YQPFIZTCKVFKFDHNINT7IBBI6U.jpg",
            "owner": "megan.pantlin@washpost.com",
            "proxyUrl": "/photo/resize/waT0eaOu9z7W7IYRMEMgR-ikEUI=/arc-anglerfish-arc2-sandbox-sandbox-lanacionar/public/YQPFIZTCKVFKFDHNINT7IBBI6U.jpg",
            "published": true,
            "resizeUrl": "http://thumbor-prod-us-east-1.photo.aws.arc.pub/waT0eaOu9z7W7IYRMEMgR-ikEUI=/arc-anglerfish-arc2-sandbox-sandbox-lanacionar/public/YQPFIZTCKVFKFDHNINT7IBBI6U.jpg",
            "restricted": false,
            "version": 0,
          },
          "address": Object {},
          "created_date": "2018-09-20T14:08:26Z",
          "credits": Object {
            "affiliation": Array [],
          },
          "height": 230,
          "last_updated_date": "2018-09-20T14:08:26Z",
          "licensable": false,
          "owner": Object {
            "id": "sandbox.lanacionar",
            "sponsored": false,
          },
          "source": Object {
            "edit_url": "https://sandbox.lanacionar.arcpublishing.com/photo/YQPFIZTCKVFKFDHNINT7IBBI6U",
            "system": "Anglerfish",
          },
          "subtitle": "River",
          "type": "image",
          "url": "https://arc-anglerfish-arc2-sandbox-sandbox-lanacionar.s3.amazonaws.com/public/YQPFIZTCKVFKFDHNINT7IBBI6U.jpg",
          "version": "0.9.0",
          "width": 345,
        },
        "receta": Object {
          "_id": "NZGBL2YRYFCYBLYLEV6FSXOOD4",
          "embed": Object {
            "config": Object {
              "counterPortion": "8",
              "counterTime": "45",
              "title": "detalle-receta",
            },
            "id": "1c379a41a07f3d",
            "url": "https://www.lanacion.com.ar/",
          },
          "subtype": "custom-detalle-receta",
          "type": "custom_embed",
        },
      },
      "publish_date": "2019-07-15T15:50:35.076Z",
      "publishing": Object {
        "scheduled_operations": Object {
          "publish_edition": Array [],
          "unpublish_edition": Array [],
        },
      },
      "related_content": Object {
        "basic": Array [],
        "redirect": Array [],
      },
      "revision": Object {
        "branch": "default",
        "editions": Array [
          "default",
        ],
        "parent_id": "X6JVQLVOKFC4VHDXR3ULKHOL4Q",
        "published": true,
        "revision_id": "HP26PHV75FHLRHWKCMSUM23LNA",
        "user_id": "mdlopez@lanacion.com.ar",
      },
      "source": Object {
        "name": "lanacionar",
        "source_type": "staff",
        "system": "ellipsis",
      },
      "subheadlines": Object {
        "basic": "",
      },
      "subtype": "1",
      "taxonomy": Object {
        "additional_properties": Object {
          "parent_site_primaries": Array [],
        },
        "primary_section": Object {
          "_id": "/recetas/recetas-con-ingredientes/pollo",
          "_website": "la-nacion-ar",
          "additional_properties": Object {
            "original": Object {
              "Termicas": Object {
                "debug": "false",
              },
              "_admin": Object {
                "alias_ids": Array [
                  "/recetas/recetas-con-ingredientes/pollo",
                ],
              },
              "_id": "/recetas/recetas-con-ingredientes/pollo",
              "_website": "la-nacion-ar",
              "ancestors": Object {
                "default": Array [
                  "/recetas",
                  "/recetas/recetas-con-ingredientes",
                ],
              },
              "inactive": false,
              "name": "Pollo",
              "navigation": Object {
                "nav_title": null,
              },
              "node_type": "section",
              "parent": Object {
                "default": "/recetas/recetas-con-ingredientes",
              },
              "site": Object {
                "pagebuilder_path_for_native_apps": null,
                "site_about": null,
                "site_description": null,
                "site_keywords": null,
                "site_tagline": null,
                "site_title": null,
                "site_url": null,
              },
              "site_topper": Object {
                "site_logo_image": null,
              },
              "social": Object {
                "facebook": null,
                "instagram": null,
                "rss": null,
                "twitter": null,
              },
            },
          },
          "description": null,
          "name": "Pollo",
          "parent": Object {
            "default": "/recetas/recetas-con-ingredientes",
          },
          "parent_id": "/recetas/recetas-con-ingredientes",
          "path": "/recetas/recetas-con-ingredientes/pollo",
          "type": "section",
          "version": "0.6.0",
        },
        "primary_site": Object {
          "_id": "/recetas/recetas-con-ingredientes/pollo",
          "additional_properties": Object {
            "original": Object {
              "Termicas": Object {
                "debug": "false",
              },
              "_admin": Object {
                "alias_ids": Array [
                  "/recetas/recetas-con-ingredientes/pollo",
                ],
              },
              "_id": "/recetas/recetas-con-ingredientes/pollo",
              "ancestors": Array [
                "/recetas",
                "/recetas/recetas-con-ingredientes",
              ],
              "inactive": false,
              "name": "Pollo",
              "navigation": Object {
                "nav_title": null,
              },
              "parent": "/recetas/recetas-con-ingredientes",
              "site": Object {
                "pagebuilder_path_for_native_apps": null,
                "site_about": null,
                "site_description": null,
                "site_keywords": null,
                "site_tagline": null,
                "site_title": null,
                "site_url": null,
              },
              "site_topper": Object {
                "site_logo_image": null,
              },
              "social": Object {
                "facebook": null,
                "instagram": null,
                "rss": null,
                "twitter": null,
              },
            },
          },
          "description": null,
          "name": "Pollo",
          "parent_id": "/recetas/recetas-con-ingredientes",
          "path": "/recetas/recetas-con-ingredientes/pollo",
          "type": "site",
          "version": "0.5.8",
        },
        "sections": Array [
          Object {
            "_id": "/deportes",
            "_website": "la-nacion-ar",
            "_website_section_id": "la-nacion-ar./deportes",
            "additional_properties": Object {
              "original": Object {
                "_admin": Object {
                  "alias_ids": Array [
                    "/deportes",
                  ],
                },
                "_id": "/deportes",
                "_website": "la-nacion-ar",
                "ancestors": Object {
                  "+ add": Array [
                    "/",
                  ],
                  "config": Array [],
                  "default": Array [],
                  "sample": Array [
                    "/",
                  ],
                },
                "inactive": false,
                "name": "Deportes",
                "navigation": Object {
                  "nav_title": null,
                },
                "node_type": "section",
                "order": Object {
                  "+ add": 1001,
                  "sample": 1001,
                },
                "parent": Object {
                  "+ add": "/",
                  "config": null,
                  "default": "/",
                  "sample": "/",
                },
                "site": Object {
                  "pagebuilder_path_for_native_apps": null,
                  "site_about": null,
                  "site_description": null,
                  "site_keywords": "Deportes",
                  "site_tagline": null,
                  "site_title": "Deportes",
                  "site_url": null,
                },
                "site_topper": Object {
                  "site_logo_image": null,
                },
                "social": Object {
                  "facebook": null,
                  "instagram": null,
                  "rss": null,
                  "twitter": null,
                },
              },
            },
            "description": null,
            "name": "Deportes",
            "parent": Object {
              "default": "/",
            },
            "parent_id": "/",
            "path": "/deportes",
            "type": "section",
            "version": "0.6.0",
          },
          Object {
            "_id": "/deportes/Futbol",
            "_website": "la-nacion-ar",
            "_website_section_id": "la-nacion-ar./deportes/Futbol",
            "additional_properties": Object {
              "original": Object {
                "_admin": Object {
                  "alias_ids": Array [
                    "/deportes/Futbol",
                  ],
                },
                "_id": "/deportes/Futbol",
                "_website": "la-nacion-ar",
                "ancestors": Object {
                  "default": Array [
                    "/deportes",
                  ],
                },
                "children": Array [],
                "inactive": false,
                "name": "Futbol",
                "navigation": Object {
                  "nav_title": null,
                },
                "node_type": "section",
                "parent": Object {
                  "default": "/deportes",
                },
                "site": Object {
                  "pagebuilder_path_for_native_apps": null,
                  "site_about": null,
                  "site_description": null,
                  "site_keywords": null,
                  "site_tagline": null,
                  "site_title": null,
                  "site_url": null,
                },
                "site_topper": Object {
                  "site_logo_image": null,
                },
                "social": Object {
                  "facebook": null,
                  "instagram": null,
                  "rss": null,
                  "twitter": null,
                },
              },
            },
            "description": null,
            "name": "Futbol",
            "parent": Object {
              "default": "/deportes",
            },
            "parent_id": "/deportes",
            "path": "/deportes/Futbol",
            "type": "section",
            "version": "0.6.0",
          },
          Object {
            "_id": "/recetas/platos-principales",
            "_website": "la-nacion-ar",
            "_website_section_id": "la-nacion-ar./recetas/platos-principales",
            "additional_properties": Object {
              "original": Object {
                "_admin": Object {
                  "alias_ids": Array [
                    "/recetas/platos-principales",
                  ],
                },
                "_id": "/recetas/platos-principales",
                "_website": "la-nacion-ar",
                "ancestors": Object {
                  "default": Array [
                    "/recetas",
                  ],
                },
                "inactive": false,
                "name": "Platos Principales",
                "navigation": Object {
                  "nav_title": "Platos Principales",
                },
                "node_type": "section",
                "parent": Object {
                  "default": "/recetas",
                },
                "site": Object {
                  "pagebuilder_path_for_native_apps": null,
                  "site_about": null,
                  "site_description": null,
                  "site_keywords": null,
                  "site_tagline": null,
                  "site_title": null,
                  "site_url": null,
                },
                "site_topper": Object {
                  "site_logo_image": null,
                },
                "social": Object {
                  "facebook": null,
                  "instagram": null,
                  "rss": null,
                  "twitter": null,
                },
              },
            },
            "description": null,
            "name": "Platos Principales",
            "parent": Object {
              "default": "/recetas",
            },
            "parent_id": "/recetas",
            "path": "/recetas/platos-principales",
            "type": "section",
            "version": "0.6.0",
          },
          Object {
            "_id": "/recetas",
            "_website": "la-nacion-ar",
            "_website_section_id": "la-nacion-ar./recetas",
            "additional_properties": Object {
              "original": Object {
                "_admin": Object {
                  "alias_ids": Array [
                    "/recetas",
                  ],
                },
                "_id": "/recetas",
                "_website": "la-nacion-ar",
                "ancestors": Object {
                  "default": Array [],
                },
                "inactive": false,
                "name": "Recetas",
                "navigation": Object {
                  "nav_title": "Recetas",
                },
                "node_type": "section",
                "parent": Object {
                  "default": "/",
                },
                "site": Object {
                  "pagebuilder_path_for_native_apps": null,
                  "site_about": null,
                  "site_description": null,
                  "site_keywords": null,
                  "site_tagline": null,
                  "site_title": null,
                  "site_url": null,
                },
                "site_topper": Object {
                  "site_logo_image": null,
                },
                "social": Object {
                  "facebook": null,
                  "instagram": null,
                  "rss": null,
                  "twitter": null,
                },
              },
            },
            "description": null,
            "name": "Recetas",
            "parent": Object {
              "default": "/",
            },
            "parent_id": "/",
            "path": "/recetas",
            "type": "section",
            "version": "0.6.0",
          },
          Object {
            "_id": "/recetas/recetas-con-ingredientes/pollo",
            "_website": "la-nacion-ar",
            "_website_section_id": "la-nacion-ar./recetas/recetas-con-ingredientes/pollo",
            "additional_properties": Object {
              "original": Object {
                "Termicas": Object {
                  "debug": "false",
                },
                "_admin": Object {
                  "alias_ids": Array [
                    "/recetas/recetas-con-ingredientes/pollo",
                  ],
                },
                "_id": "/recetas/recetas-con-ingredientes/pollo",
                "_website": "la-nacion-ar",
                "ancestors": Object {
                  "default": Array [
                    "/recetas",
                    "/recetas/recetas-con-ingredientes",
                  ],
                },
                "inactive": false,
                "name": "Pollo",
                "navigation": Object {
                  "nav_title": null,
                },
                "node_type": "section",
                "parent": Object {
                  "default": "/recetas/recetas-con-ingredientes",
                },
                "site": Object {
                  "pagebuilder_path_for_native_apps": null,
                  "site_about": null,
                  "site_description": null,
                  "site_keywords": null,
                  "site_tagline": null,
                  "site_title": null,
                  "site_url": null,
                },
                "site_topper": Object {
                  "site_logo_image": null,
                },
                "social": Object {
                  "facebook": null,
                  "instagram": null,
                  "rss": null,
                  "twitter": null,
                },
              },
            },
            "description": null,
            "name": "Pollo",
            "parent": Object {
              "default": "/recetas/recetas-con-ingredientes",
            },
            "parent_id": "/recetas/recetas-con-ingredientes",
            "path": "/recetas/recetas-con-ingredientes/pollo",
            "type": "section",
            "version": "0.6.0",
          },
          Object {
            "_id": "/recetas/recetas-con-ingredientes",
            "_website": "la-nacion-ar",
            "_website_section_id": "la-nacion-ar./recetas/recetas-con-ingredientes",
            "additional_properties": Object {
              "original": Object {
                "Termicas": Object {
                  "debug": "false",
                },
                "_admin": Object {
                  "alias_ids": Array [
                    "/recetas/recetas-con-ingredientes",
                  ],
                },
                "_id": "/recetas/recetas-con-ingredientes",
                "_website": "la-nacion-ar",
                "ancestors": Object {
                  "default": Array [
                    "/recetas",
                  ],
                },
                "inactive": false,
                "name": "Recetas con ingredientes",
                "navigation": Object {
                  "nav_title": null,
                },
                "node_type": "section",
                "parent": Object {
                  "default": "/recetas",
                },
                "site": Object {
                  "pagebuilder_path_for_native_apps": null,
                  "site_about": null,
                  "site_description": null,
                  "site_keywords": null,
                  "site_tagline": null,
                  "site_title": null,
                  "site_url": null,
                },
                "site_topper": Object {
                  "site_logo_image": null,
                },
                "social": Object {
                  "facebook": null,
                  "instagram": null,
                  "rss": null,
                  "twitter": null,
                },
              },
            },
            "description": null,
            "name": "Recetas con ingredientes",
            "parent": Object {
              "default": "/recetas",
            },
            "parent_id": "/recetas",
            "path": "/recetas/recetas-con-ingredientes",
            "type": "section",
            "version": "0.6.0",
          },
          Object {
            "_id": "/revistas/brando",
            "additional_properties": Object {
              "original": Object {
                "Termicas": Object {
                  "debug": "false",
                },
                "_admin": Object {
                  "alias_ids": Array [
                    "/revistas/brando",
                  ],
                },
                "_id": "/revistas/brando",
                "ancestors": Array [
                  "/revistas",
                ],
                "inactive": false,
                "name": "Brando",
                "navigation": Object {
                  "nav_title": "Brando",
                },
                "parent": "/revistas",
                "site": Object {
                  "pagebuilder_path_for_native_apps": null,
                  "site_about": null,
                  "site_description": null,
                  "site_keywords": null,
                  "site_tagline": null,
                  "site_title": null,
                  "site_url": null,
                },
                "site_topper": Object {
                  "site_logo_image": null,
                },
                "social": Object {
                  "facebook": null,
                  "instagram": null,
                  "rss": null,
                  "twitter": null,
                },
                "style": Object {
                  "section_style_name": "brando",
                },
              },
            },
            "description": null,
            "name": "Brando",
            "parent_id": "/revistas",
            "path": "/revistas/brando",
            "type": "site",
            "version": "0.5.8",
          },
          Object {
            "_id": "/revistas",
            "additional_properties": Object {
              "original": Object {
                "Termicas": Object {
                  "debug": "false",
                },
                "_admin": Object {
                  "alias_ids": Array [
                    "/revistas",
                  ],
                },
                "_id": "/revistas",
                "inactive": false,
                "name": "Revistas",
                "navigation": Object {
                  "nav_title": "Revistas",
                },
                "parent": "/",
                "site": Object {
                  "pagebuilder_path_for_native_apps": null,
                  "site_about": null,
                  "site_description": null,
                  "site_keywords": null,
                  "site_tagline": null,
                  "site_title": null,
                  "site_url": null,
                },
                "site_topper": Object {
                  "site_logo_image": null,
                },
                "social": Object {
                  "facebook": null,
                  "instagram": null,
                  "rss": null,
                  "twitter": null,
                },
              },
            },
            "description": null,
            "name": "Revistas",
            "parent_id": "/",
            "path": "/revistas",
            "type": "site",
            "version": "0.5.8",
          },
        ],
        "sites": Array [
          Object {
            "_id": "/deportes",
            "additional_properties": Object {
              "original": Object {
                "_admin": Object {
                  "alias_ids": Array [
                    "/deportes",
                  ],
                },
                "_id": "/deportes",
                "inactive": false,
                "name": "Deportes",
                "navigation": Object {
                  "nav_title": null,
                },
                "node_type": "section",
                "parent": "/",
                "site": Object {
                  "pagebuilder_path_for_native_apps": null,
                  "site_about": null,
                  "site_description": null,
                  "site_keywords": "Deportes",
                  "site_tagline": null,
                  "site_title": "Deportes",
                  "site_url": null,
                },
                "site_topper": Object {
                  "site_logo_image": null,
                },
                "social": Object {
                  "facebook": null,
                  "instagram": null,
                  "rss": null,
                  "twitter": null,
                },
              },
            },
            "description": null,
            "name": "Deportes",
            "parent_id": "/",
            "path": "/deportes",
            "type": "site",
            "version": "0.5.8",
          },
          Object {
            "_id": "/deportes/Futbol",
            "additional_properties": Object {
              "original": Object {
                "_admin": Object {
                  "alias_ids": Array [
                    "/deportes/Futbol",
                  ],
                },
                "_id": "/deportes/Futbol",
                "ancestors": Array [
                  "/deportes",
                ],
                "children": Array [],
                "inactive": false,
                "name": "Futbol",
                "navigation": Object {
                  "nav_title": null,
                },
                "node_type": "section",
                "parent": "/deportes",
                "site": Object {
                  "pagebuilder_path_for_native_apps": null,
                  "site_about": null,
                  "site_description": null,
                  "site_keywords": null,
                  "site_tagline": null,
                  "site_title": null,
                  "site_url": null,
                },
                "site_topper": Object {
                  "site_logo_image": null,
                },
                "social": Object {
                  "facebook": null,
                  "instagram": null,
                  "rss": null,
                  "twitter": null,
                },
              },
            },
            "description": null,
            "name": "Futbol",
            "parent_id": "/deportes",
            "path": "/deportes/Futbol",
            "type": "site",
            "version": "0.5.8",
          },
          Object {
            "_id": "/recetas/platos-principales",
            "additional_properties": Object {
              "original": Object {
                "_admin": Object {
                  "alias_ids": Array [
                    "/recetas/platos-principales",
                  ],
                },
                "_id": "/recetas/platos-principales",
                "ancestors": Array [
                  "/recetas",
                ],
                "inactive": false,
                "name": "Platos Principales",
                "navigation": Object {
                  "nav_title": "Platos Principales",
                },
                "parent": "/recetas",
                "site": Object {
                  "pagebuilder_path_for_native_apps": null,
                  "site_about": null,
                  "site_description": null,
                  "site_keywords": null,
                  "site_tagline": null,
                  "site_title": null,
                  "site_url": null,
                },
                "site_topper": Object {
                  "site_logo_image": null,
                },
                "social": Object {
                  "facebook": null,
                  "instagram": null,
                  "rss": null,
                  "twitter": null,
                },
              },
            },
            "description": null,
            "name": "Platos Principales",
            "parent_id": "/recetas",
            "path": "/recetas/platos-principales",
            "type": "site",
            "version": "0.5.8",
          },
          Object {
            "_id": "/recetas",
            "additional_properties": Object {
              "original": Object {
                "_admin": Object {
                  "alias_ids": Array [
                    "/recetas",
                  ],
                },
                "_id": "/recetas",
                "inactive": false,
                "name": "Recetas",
                "navigation": Object {
                  "nav_title": "Recetas",
                },
                "parent": "/",
                "site": Object {
                  "pagebuilder_path_for_native_apps": null,
                  "site_about": null,
                  "site_description": null,
                  "site_keywords": null,
                  "site_tagline": null,
                  "site_title": null,
                  "site_url": null,
                },
                "site_topper": Object {
                  "site_logo_image": null,
                },
                "social": Object {
                  "facebook": null,
                  "instagram": null,
                  "rss": null,
                  "twitter": null,
                },
              },
            },
            "description": null,
            "name": "Recetas",
            "parent_id": "/",
            "path": "/recetas",
            "type": "site",
            "version": "0.5.8",
          },
          Object {
            "_id": "/recetas/recetas-con-ingredientes/pollo",
            "additional_properties": Object {
              "original": Object {
                "Termicas": Object {
                  "debug": "false",
                },
                "_admin": Object {
                  "alias_ids": Array [
                    "/recetas/recetas-con-ingredientes/pollo",
                  ],
                },
                "_id": "/recetas/recetas-con-ingredientes/pollo",
                "ancestors": Array [
                  "/recetas",
                  "/recetas/recetas-con-ingredientes",
                ],
                "inactive": false,
                "name": "Pollo",
                "navigation": Object {
                  "nav_title": null,
                },
                "parent": "/recetas/recetas-con-ingredientes",
                "site": Object {
                  "pagebuilder_path_for_native_apps": null,
                  "site_about": null,
                  "site_description": null,
                  "site_keywords": null,
                  "site_tagline": null,
                  "site_title": null,
                  "site_url": null,
                },
                "site_topper": Object {
                  "site_logo_image": null,
                },
                "social": Object {
                  "facebook": null,
                  "instagram": null,
                  "rss": null,
                  "twitter": null,
                },
              },
            },
            "description": null,
            "name": "Pollo",
            "parent_id": "/recetas/recetas-con-ingredientes",
            "path": "/recetas/recetas-con-ingredientes/pollo",
            "type": "site",
            "version": "0.5.8",
          },
          Object {
            "_id": "/recetas/recetas-con-ingredientes",
            "additional_properties": Object {
              "original": Object {
                "Termicas": Object {
                  "debug": "false",
                },
                "_admin": Object {
                  "alias_ids": Array [
                    "/recetas/recetas-con-ingredientes",
                  ],
                },
                "_id": "/recetas/recetas-con-ingredientes",
                "ancestors": Array [
                  "/recetas",
                ],
                "inactive": false,
                "name": "Recetas con ingredientes",
                "navigation": Object {
                  "nav_title": null,
                },
                "parent": "/recetas",
                "site": Object {
                  "pagebuilder_path_for_native_apps": null,
                  "site_about": null,
                  "site_description": null,
                  "site_keywords": null,
                  "site_tagline": null,
                  "site_title": null,
                  "site_url": null,
                },
                "site_topper": Object {
                  "site_logo_image": null,
                },
                "social": Object {
                  "facebook": null,
                  "instagram": null,
                  "rss": null,
                  "twitter": null,
                },
              },
            },
            "description": null,
            "name": "Recetas con ingredientes",
            "parent_id": "/recetas",
            "path": "/recetas/recetas-con-ingredientes",
            "type": "site",
            "version": "0.5.8",
          },
        ],
        "tags": Array [
          Object {
            "description": "un tag de prueba 1",
            "slug": "tagprueba1",
            "text": "TagPrueba1",
          },
          Object {
            "description": "un tag de prueba 2",
            "slug": "tagprueba2",
            "text": "TagPrueba2",
          },
        ],
      },
      "type": "story",
      "version": "0.10.2",
      "website": "la-nacion-ar",
      "website_url": "/2018/09/20/tras-el-0-0-con-independiente-como-le-fue-a-river-en-la-era-marcelo-gallardo-cuando-tuvo-que-definir-una-serie-como-local/",
      "websites": Object {
        "la-nacion-ar": Object {
          "website_section": Object {
            "_id": "/recetas/recetas-con-ingredientes/pollo",
            "_website": "la-nacion-ar",
            "_website_section_id": "la-nacion-ar./recetas/recetas-con-ingredientes/pollo",
            "additional_properties": Object {
              "original": Object {
                "Termicas": Object {
                  "debug": "false",
                },
                "_admin": Object {
                  "alias_ids": Array [
                    "/recetas/recetas-con-ingredientes/pollo",
                  ],
                },
                "_id": "/recetas/recetas-con-ingredientes/pollo",
                "_website": "la-nacion-ar",
                "ancestors": Object {
                  "default": Array [
                    "/recetas",
                    "/recetas/recetas-con-ingredientes",
                  ],
                },
                "inactive": false,
                "name": "Pollo",
                "navigation": Object {
                  "nav_title": null,
                },
                "node_type": "section",
                "parent": Object {
                  "default": "/recetas/recetas-con-ingredientes",
                },
                "site": Object {
                  "pagebuilder_path_for_native_apps": null,
                  "site_about": null,
                  "site_description": null,
                  "site_keywords": null,
                  "site_tagline": null,
                  "site_title": null,
                  "site_url": null,
                },
                "site_topper": Object {
                  "site_logo_image": null,
                },
                "social": Object {
                  "facebook": null,
                  "instagram": null,
                  "rss": null,
                  "twitter": null,
                },
              },
            },
            "description": null,
            "name": "Pollo",
            "parent": Object {
              "default": "/recetas/recetas-con-ingredientes",
            },
            "parent_id": "/recetas/recetas-con-ingredientes",
            "path": "/recetas/recetas-con-ingredientes/pollo",
            "type": "section",
            "version": "0.6.0",
          },
          "website_url": "/2018/09/20/tras-el-0-0-con-independiente-como-le-fue-a-river-en-la-era-marcelo-gallardo-cuando-tuvo-que-definir-una-serie-como-local/",
        },
      },
      "workflow": Object {
        "status_code": 3,
      },
    }
  }
  layout="LN-nota-receta"
>
  <snippet
    arcSite="la-nacion-ar"
    globalContent={
      Object {
        "_id": "TWKFZQ6FCNF3ZKPHGGZPMSSOGQ",
        "additional_properties": Object {
          "clipboard": Object {},
          "has_published_copy": true,
          "is_published": true,
          "publish_date": "2019-02-21T19:18:10.721Z",
        },
        "address": Object {},
        "canonical_url": "/2018/09/20/tras-el-0-0-con-independiente-como-le-fue-a-river-en-la-era-marcelo-gallardo-cuando-tuvo-que-definir-una-serie-como-local/",
        "canonical_website": "la-nacion-ar",
        "content_elements": Array [
          Object {
            "_id": "WEZHDQGSB5EK7MHKUW7VA7ZS7I",
            "additional_properties": Object {
              "_id": "S4GRUAX42JHJZDIBPYFYIM6DJQ",
              "comments": Array [],
            },
            "embed": Object {
              "config": Object {
                "items": Array [
                  "Tomate",
                  "Zanahoria",
                  "Cebolla",
                  "Ajo",
                ],
                "titleList": "Para la salsa",
                "typeList": "ingredientes",
              },
              "id": "d11763c5ae165",
              "url": "https://handle-lists.itjquintana.now.sh/",
            },
            "subtype": "custom-ingrediente",
            "type": "custom_embed",
          },
          Object {
            "_id": "JRFVVOFE6FCHNFSW2LNTACOW7M",
            "additional_properties": Object {
              "_id": "UL7KZS4M7READMBWQ6VWAG55X4",
              "comments": Array [],
            },
            "embed": Object {
              "config": Object {
                "items": Array [
                  "Tomate",
                  "Harina",
                  "Huevos",
                  "Lo que sea",
                ],
                "titleList": "Para lo que sea",
                "typeList": "ingredientes",
              },
              "id": "1a0db6cda9545f",
              "url": "https://handle-lists.itjquintana.now.sh/",
            },
            "subtype": "custom-ingrediente",
            "type": "custom_embed",
          },
          Object {
            "_id": "LDBESZHOGRHBFDCG7YAH2ZXMKA",
            "additional_properties": Object {
              "_id": "XW2CI2SCL5HIFMZFB4DUMJTVBA",
              "comments": Array [],
            },
            "embed": Object {
              "config": Object {
                "items": Array [
                  "Cocinar",
                  "Probar",
                  "Servir",
                ],
                "titleList": "Para la salsa",
                "typeList": "preparacion",
              },
              "id": "ac76aeaf266a3",
              "url": "https://handle-lists.itjquintana.now.sh/",
            },
            "subtype": "custom-preparacion",
            "type": "custom_embed",
          },
          Object {
            "_id": "4MRKV2NDHBEEFG2PE37USQR724",
            "additional_properties": Object {
              "_id": 1539009633375,
              "comments": Array [],
              "inline_comments": Array [],
            },
            "content": "Compartí la información confiable y la opinión de los especialistas más prestigiosos con este link: Tras el 0-0 con Independiente: cómo le fue a River en la era Marcelo Gallardo cuando tuvo que definir una serie como local - URL: \\"<a href=\\"https://www.lanacion.com.ar/2173809-tras-0-0-independiente-como-le-fue-river\\" target=_blank>https://www.lanacion.com.ar/2173809-tras-0-0-independiente-como-le-fue-river</a> - Copyright © LA NACION",
            "type": "text",
          },
          Object {
            "_id": "7YQIJZWJMVFR5OSPPIW34GXK7E",
            "additional_properties": Object {
              "_id": 1539009633376,
              "comments": Array [],
              "inline_comments": Array [],
            },
            "content": "<br/>",
            "type": "text",
          },
          Object {
            "_id": "YQPFIZTCKVFKFDHNINT7IBBI6U",
            "additional_properties": Object {
              "_id": 1550690199877,
              "comments": Array [],
              "fullSizeResizeUrl": "/photo/resize/waT0eaOu9z7W7IYRMEMgR-ikEUI=/arc-anglerfish-arc2-sandbox-sandbox-lanacionar/public/YQPFIZTCKVFKFDHNINT7IBBI6U.jpg",
              "galleries": Array [
                Object {
                  "_id": "BRIS3MF3WVGILKMWCYDUOKUBCA",
                  "headlines": Object {
                    "basic": "Galeria 1",
                  },
                },
                Object {
                  "_id": "72XYP4URE5BIRFVD6RGWBQ2ZAY",
                  "headlines": Object {
                    "basic": "Galeria 2",
                  },
                },
              ],
              "ingestionMethod": "manual",
              "keywords": Array [],
              "mime_type": "image/jpeg",
              "originalName": "River.jpg",
              "originalUrl": "https://arc-anglerfish-arc2-sandbox-sandbox-lanacionar.s3.amazonaws.com/public/YQPFIZTCKVFKFDHNINT7IBBI6U.jpg",
              "owner": "megan.pantlin@washpost.com",
              "proxyUrl": "/photo/resize/waT0eaOu9z7W7IYRMEMgR-ikEUI=/arc-anglerfish-arc2-sandbox-sandbox-lanacionar/public/YQPFIZTCKVFKFDHNINT7IBBI6U.jpg",
              "published": true,
              "resizeUrl": "http://thumbor-prod-us-east-1.photo.aws.arc.pub/waT0eaOu9z7W7IYRMEMgR-ikEUI=/arc-anglerfish-arc2-sandbox-sandbox-lanacionar/public/YQPFIZTCKVFKFDHNINT7IBBI6U.jpg",
              "restricted": false,
              "version": 0,
            },
            "address": Object {},
            "created_date": "2018-09-20T14:08:26Z",
            "credits": Object {
              "affiliation": Array [],
            },
            "height": 230,
            "last_updated_date": "2018-09-20T14:08:26Z",
            "licensable": false,
            "owner": Object {
              "id": "sandbox.lanacionar",
              "sponsored": false,
            },
            "source": Object {
              "edit_url": "https://sandbox.lanacionar.arcpublishing.com/photo/YQPFIZTCKVFKFDHNINT7IBBI6U",
              "system": "Anglerfish",
            },
            "subtitle": "River",
            "type": "image",
            "url": "https://arc-anglerfish-arc2-sandbox-sandbox-lanacionar.s3.amazonaws.com/public/YQPFIZTCKVFKFDHNINT7IBBI6U.jpg",
            "version": "0.9.0",
            "width": 345,
          },
        ],
        "created_date": "2018-09-20T14:08:07.424Z",
        "credits": Object {
          "by": Array [
            Object {
              "_id": "Cristian Grosso",
              "referent": Object {
                "id": "Cristian Grosso",
                "provider": "http://arc-author-service-arc2-dev.internal.arc2.nile.works/api/v1",
                "referent_properties": Object {},
                "type": "author",
              },
              "type": "reference",
            },
          ],
        },
        "description": Object {
          "basic": "",
        },
        "display_date": "2018-09-20T14:08:46.236Z",
        "distributor": Object {
          "additional_properties": Object {},
          "category": "staff",
          "name": "lanacionar",
          "subcategory": "",
        },
        "first_publish_date": "2018-09-20T14:08:49.132Z",
        "headlines": Object {
          "basic": "Tras el 0-0 con Independiente: cómo le fue a River en la era Marcelo Gallardo cuando tuvo que definir una serie como local",
          "meta_title": "",
          "mobile": "",
          "native": "",
          "print": "",
          "tablet": "",
          "web": "",
        },
        "label": Object {},
        "language": "",
        "last_updated_date": "2019-07-15T15:50:35.043Z",
        "owner": Object {
          "id": "sandbox.lanacionar",
          "sponsored": false,
        },
        "planning": Object {
          "internal_note": "",
        },
        "promo_items": Object {
          "basic": Object {
            "_id": "YQPFIZTCKVFKFDHNINT7IBBI6U",
            "additional_properties": Object {
              "fullSizeResizeUrl": "/photo/resize/waT0eaOu9z7W7IYRMEMgR-ikEUI=/arc-anglerfish-arc2-sandbox-sandbox-lanacionar/public/YQPFIZTCKVFKFDHNINT7IBBI6U.jpg",
              "galleries": Array [
                Object {
                  "_id": "BRIS3MF3WVGILKMWCYDUOKUBCA",
                  "headlines": Object {
                    "basic": "Galeria 1",
                  },
                },
                Object {
                  "_id": "72XYP4URE5BIRFVD6RGWBQ2ZAY",
                  "headlines": Object {
                    "basic": "Galeria 2",
                  },
                },
              ],
              "ingestionMethod": "manual",
              "keywords": Array [],
              "mime_type": "image/jpeg",
              "originalName": "River.jpg",
              "originalUrl": "https://arc-anglerfish-arc2-sandbox-sandbox-lanacionar.s3.amazonaws.com/public/YQPFIZTCKVFKFDHNINT7IBBI6U.jpg",
              "owner": "megan.pantlin@washpost.com",
              "proxyUrl": "/photo/resize/waT0eaOu9z7W7IYRMEMgR-ikEUI=/arc-anglerfish-arc2-sandbox-sandbox-lanacionar/public/YQPFIZTCKVFKFDHNINT7IBBI6U.jpg",
              "published": true,
              "resizeUrl": "http://thumbor-prod-us-east-1.photo.aws.arc.pub/waT0eaOu9z7W7IYRMEMgR-ikEUI=/arc-anglerfish-arc2-sandbox-sandbox-lanacionar/public/YQPFIZTCKVFKFDHNINT7IBBI6U.jpg",
              "restricted": false,
              "version": 0,
            },
            "address": Object {},
            "created_date": "2018-09-20T14:08:26Z",
            "credits": Object {
              "affiliation": Array [],
            },
            "height": 230,
            "last_updated_date": "2018-09-20T14:08:26Z",
            "licensable": false,
            "owner": Object {
              "id": "sandbox.lanacionar",
              "sponsored": false,
            },
            "source": Object {
              "edit_url": "https://sandbox.lanacionar.arcpublishing.com/photo/YQPFIZTCKVFKFDHNINT7IBBI6U",
              "system": "Anglerfish",
            },
            "subtitle": "River",
            "type": "image",
            "url": "https://arc-anglerfish-arc2-sandbox-sandbox-lanacionar.s3.amazonaws.com/public/YQPFIZTCKVFKFDHNINT7IBBI6U.jpg",
            "version": "0.9.0",
            "width": 345,
          },
          "receta": Object {
            "_id": "NZGBL2YRYFCYBLYLEV6FSXOOD4",
            "embed": Object {
              "config": Object {
                "counterPortion": "8",
                "counterTime": "45",
                "title": "detalle-receta",
              },
              "id": "1c379a41a07f3d",
              "url": "https://www.lanacion.com.ar/",
            },
            "subtype": "custom-detalle-receta",
            "type": "custom_embed",
          },
        },
        "publish_date": "2019-07-15T15:50:35.076Z",
        "publishing": Object {
          "scheduled_operations": Object {
            "publish_edition": Array [],
            "unpublish_edition": Array [],
          },
        },
        "related_content": Object {
          "basic": Array [],
          "redirect": Array [],
        },
        "revision": Object {
          "branch": "default",
          "editions": Array [
            "default",
          ],
          "parent_id": "X6JVQLVOKFC4VHDXR3ULKHOL4Q",
          "published": true,
          "revision_id": "HP26PHV75FHLRHWKCMSUM23LNA",
          "user_id": "mdlopez@lanacion.com.ar",
        },
        "source": Object {
          "name": "lanacionar",
          "source_type": "staff",
          "system": "ellipsis",
        },
        "subheadlines": Object {
          "basic": "",
        },
        "subtype": "1",
        "taxonomy": Object {
          "additional_properties": Object {
            "parent_site_primaries": Array [],
          },
          "primary_section": Object {
            "_id": "/recetas/recetas-con-ingredientes/pollo",
            "_website": "la-nacion-ar",
            "additional_properties": Object {
              "original": Object {
                "Termicas": Object {
                  "debug": "false",
                },
                "_admin": Object {
                  "alias_ids": Array [
                    "/recetas/recetas-con-ingredientes/pollo",
                  ],
                },
                "_id": "/recetas/recetas-con-ingredientes/pollo",
                "_website": "la-nacion-ar",
                "ancestors": Object {
                  "default": Array [
                    "/recetas",
                    "/recetas/recetas-con-ingredientes",
                  ],
                },
                "inactive": false,
                "name": "Pollo",
                "navigation": Object {
                  "nav_title": null,
                },
                "node_type": "section",
                "parent": Object {
                  "default": "/recetas/recetas-con-ingredientes",
                },
                "site": Object {
                  "pagebuilder_path_for_native_apps": null,
                  "site_about": null,
                  "site_description": null,
                  "site_keywords": null,
                  "site_tagline": null,
                  "site_title": null,
                  "site_url": null,
                },
                "site_topper": Object {
                  "site_logo_image": null,
                },
                "social": Object {
                  "facebook": null,
                  "instagram": null,
                  "rss": null,
                  "twitter": null,
                },
              },
            },
            "description": null,
            "name": "Pollo",
            "parent": Object {
              "default": "/recetas/recetas-con-ingredientes",
            },
            "parent_id": "/recetas/recetas-con-ingredientes",
            "path": "/recetas/recetas-con-ingredientes/pollo",
            "type": "section",
            "version": "0.6.0",
          },
          "primary_site": Object {
            "_id": "/recetas/recetas-con-ingredientes/pollo",
            "additional_properties": Object {
              "original": Object {
                "Termicas": Object {
                  "debug": "false",
                },
                "_admin": Object {
                  "alias_ids": Array [
                    "/recetas/recetas-con-ingredientes/pollo",
                  ],
                },
                "_id": "/recetas/recetas-con-ingredientes/pollo",
                "ancestors": Array [
                  "/recetas",
                  "/recetas/recetas-con-ingredientes",
                ],
                "inactive": false,
                "name": "Pollo",
                "navigation": Object {
                  "nav_title": null,
                },
                "parent": "/recetas/recetas-con-ingredientes",
                "site": Object {
                  "pagebuilder_path_for_native_apps": null,
                  "site_about": null,
                  "site_description": null,
                  "site_keywords": null,
                  "site_tagline": null,
                  "site_title": null,
                  "site_url": null,
                },
                "site_topper": Object {
                  "site_logo_image": null,
                },
                "social": Object {
                  "facebook": null,
                  "instagram": null,
                  "rss": null,
                  "twitter": null,
                },
              },
            },
            "description": null,
            "name": "Pollo",
            "parent_id": "/recetas/recetas-con-ingredientes",
            "path": "/recetas/recetas-con-ingredientes/pollo",
            "type": "site",
            "version": "0.5.8",
          },
          "sections": Array [
            Object {
              "_id": "/deportes",
              "_website": "la-nacion-ar",
              "_website_section_id": "la-nacion-ar./deportes",
              "additional_properties": Object {
                "original": Object {
                  "_admin": Object {
                    "alias_ids": Array [
                      "/deportes",
                    ],
                  },
                  "_id": "/deportes",
                  "_website": "la-nacion-ar",
                  "ancestors": Object {
                    "+ add": Array [
                      "/",
                    ],
                    "config": Array [],
                    "default": Array [],
                    "sample": Array [
                      "/",
                    ],
                  },
                  "inactive": false,
                  "name": "Deportes",
                  "navigation": Object {
                    "nav_title": null,
                  },
                  "node_type": "section",
                  "order": Object {
                    "+ add": 1001,
                    "sample": 1001,
                  },
                  "parent": Object {
                    "+ add": "/",
                    "config": null,
                    "default": "/",
                    "sample": "/",
                  },
                  "site": Object {
                    "pagebuilder_path_for_native_apps": null,
                    "site_about": null,
                    "site_description": null,
                    "site_keywords": "Deportes",
                    "site_tagline": null,
                    "site_title": "Deportes",
                    "site_url": null,
                  },
                  "site_topper": Object {
                    "site_logo_image": null,
                  },
                  "social": Object {
                    "facebook": null,
                    "instagram": null,
                    "rss": null,
                    "twitter": null,
                  },
                },
              },
              "description": null,
              "name": "Deportes",
              "parent": Object {
                "default": "/",
              },
              "parent_id": "/",
              "path": "/deportes",
              "type": "section",
              "version": "0.6.0",
            },
            Object {
              "_id": "/deportes/Futbol",
              "_website": "la-nacion-ar",
              "_website_section_id": "la-nacion-ar./deportes/Futbol",
              "additional_properties": Object {
                "original": Object {
                  "_admin": Object {
                    "alias_ids": Array [
                      "/deportes/Futbol",
                    ],
                  },
                  "_id": "/deportes/Futbol",
                  "_website": "la-nacion-ar",
                  "ancestors": Object {
                    "default": Array [
                      "/deportes",
                    ],
                  },
                  "children": Array [],
                  "inactive": false,
                  "name": "Futbol",
                  "navigation": Object {
                    "nav_title": null,
                  },
                  "node_type": "section",
                  "parent": Object {
                    "default": "/deportes",
                  },
                  "site": Object {
                    "pagebuilder_path_for_native_apps": null,
                    "site_about": null,
                    "site_description": null,
                    "site_keywords": null,
                    "site_tagline": null,
                    "site_title": null,
                    "site_url": null,
                  },
                  "site_topper": Object {
                    "site_logo_image": null,
                  },
                  "social": Object {
                    "facebook": null,
                    "instagram": null,
                    "rss": null,
                    "twitter": null,
                  },
                },
              },
              "description": null,
              "name": "Futbol",
              "parent": Object {
                "default": "/deportes",
              },
              "parent_id": "/deportes",
              "path": "/deportes/Futbol",
              "type": "section",
              "version": "0.6.0",
            },
            Object {
              "_id": "/recetas/platos-principales",
              "_website": "la-nacion-ar",
              "_website_section_id": "la-nacion-ar./recetas/platos-principales",
              "additional_properties": Object {
                "original": Object {
                  "_admin": Object {
                    "alias_ids": Array [
                      "/recetas/platos-principales",
                    ],
                  },
                  "_id": "/recetas/platos-principales",
                  "_website": "la-nacion-ar",
                  "ancestors": Object {
                    "default": Array [
                      "/recetas",
                    ],
                  },
                  "inactive": false,
                  "name": "Platos Principales",
                  "navigation": Object {
                    "nav_title": "Platos Principales",
                  },
                  "node_type": "section",
                  "parent": Object {
                    "default": "/recetas",
                  },
                  "site": Object {
                    "pagebuilder_path_for_native_apps": null,
                    "site_about": null,
                    "site_description": null,
                    "site_keywords": null,
                    "site_tagline": null,
                    "site_title": null,
                    "site_url": null,
                  },
                  "site_topper": Object {
                    "site_logo_image": null,
                  },
                  "social": Object {
                    "facebook": null,
                    "instagram": null,
                    "rss": null,
                    "twitter": null,
                  },
                },
              },
              "description": null,
              "name": "Platos Principales",
              "parent": Object {
                "default": "/recetas",
              },
              "parent_id": "/recetas",
              "path": "/recetas/platos-principales",
              "type": "section",
              "version": "0.6.0",
            },
            Object {
              "_id": "/recetas",
              "_website": "la-nacion-ar",
              "_website_section_id": "la-nacion-ar./recetas",
              "additional_properties": Object {
                "original": Object {
                  "_admin": Object {
                    "alias_ids": Array [
                      "/recetas",
                    ],
                  },
                  "_id": "/recetas",
                  "_website": "la-nacion-ar",
                  "ancestors": Object {
                    "default": Array [],
                  },
                  "inactive": false,
                  "name": "Recetas",
                  "navigation": Object {
                    "nav_title": "Recetas",
                  },
                  "node_type": "section",
                  "parent": Object {
                    "default": "/",
                  },
                  "site": Object {
                    "pagebuilder_path_for_native_apps": null,
                    "site_about": null,
                    "site_description": null,
                    "site_keywords": null,
                    "site_tagline": null,
                    "site_title": null,
                    "site_url": null,
                  },
                  "site_topper": Object {
                    "site_logo_image": null,
                  },
                  "social": Object {
                    "facebook": null,
                    "instagram": null,
                    "rss": null,
                    "twitter": null,
                  },
                },
              },
              "description": null,
              "name": "Recetas",
              "parent": Object {
                "default": "/",
              },
              "parent_id": "/",
              "path": "/recetas",
              "type": "section",
              "version": "0.6.0",
            },
            Object {
              "_id": "/recetas/recetas-con-ingredientes/pollo",
              "_website": "la-nacion-ar",
              "_website_section_id": "la-nacion-ar./recetas/recetas-con-ingredientes/pollo",
              "additional_properties": Object {
                "original": Object {
                  "Termicas": Object {
                    "debug": "false",
                  },
                  "_admin": Object {
                    "alias_ids": Array [
                      "/recetas/recetas-con-ingredientes/pollo",
                    ],
                  },
                  "_id": "/recetas/recetas-con-ingredientes/pollo",
                  "_website": "la-nacion-ar",
                  "ancestors": Object {
                    "default": Array [
                      "/recetas",
                      "/recetas/recetas-con-ingredientes",
                    ],
                  },
                  "inactive": false,
                  "name": "Pollo",
                  "navigation": Object {
                    "nav_title": null,
                  },
                  "node_type": "section",
                  "parent": Object {
                    "default": "/recetas/recetas-con-ingredientes",
                  },
                  "site": Object {
                    "pagebuilder_path_for_native_apps": null,
                    "site_about": null,
                    "site_description": null,
                    "site_keywords": null,
                    "site_tagline": null,
                    "site_title": null,
                    "site_url": null,
                  },
                  "site_topper": Object {
                    "site_logo_image": null,
                  },
                  "social": Object {
                    "facebook": null,
                    "instagram": null,
                    "rss": null,
                    "twitter": null,
                  },
                },
              },
              "description": null,
              "name": "Pollo",
              "parent": Object {
                "default": "/recetas/recetas-con-ingredientes",
              },
              "parent_id": "/recetas/recetas-con-ingredientes",
              "path": "/recetas/recetas-con-ingredientes/pollo",
              "type": "section",
              "version": "0.6.0",
            },
            Object {
              "_id": "/recetas/recetas-con-ingredientes",
              "_website": "la-nacion-ar",
              "_website_section_id": "la-nacion-ar./recetas/recetas-con-ingredientes",
              "additional_properties": Object {
                "original": Object {
                  "Termicas": Object {
                    "debug": "false",
                  },
                  "_admin": Object {
                    "alias_ids": Array [
                      "/recetas/recetas-con-ingredientes",
                    ],
                  },
                  "_id": "/recetas/recetas-con-ingredientes",
                  "_website": "la-nacion-ar",
                  "ancestors": Object {
                    "default": Array [
                      "/recetas",
                    ],
                  },
                  "inactive": false,
                  "name": "Recetas con ingredientes",
                  "navigation": Object {
                    "nav_title": null,
                  },
                  "node_type": "section",
                  "parent": Object {
                    "default": "/recetas",
                  },
                  "site": Object {
                    "pagebuilder_path_for_native_apps": null,
                    "site_about": null,
                    "site_description": null,
                    "site_keywords": null,
                    "site_tagline": null,
                    "site_title": null,
                    "site_url": null,
                  },
                  "site_topper": Object {
                    "site_logo_image": null,
                  },
                  "social": Object {
                    "facebook": null,
                    "instagram": null,
                    "rss": null,
                    "twitter": null,
                  },
                },
              },
              "description": null,
              "name": "Recetas con ingredientes",
              "parent": Object {
                "default": "/recetas",
              },
              "parent_id": "/recetas",
              "path": "/recetas/recetas-con-ingredientes",
              "type": "section",
              "version": "0.6.0",
            },
            Object {
              "_id": "/revistas/brando",
              "additional_properties": Object {
                "original": Object {
                  "Termicas": Object {
                    "debug": "false",
                  },
                  "_admin": Object {
                    "alias_ids": Array [
                      "/revistas/brando",
                    ],
                  },
                  "_id": "/revistas/brando",
                  "ancestors": Array [
                    "/revistas",
                  ],
                  "inactive": false,
                  "name": "Brando",
                  "navigation": Object {
                    "nav_title": "Brando",
                  },
                  "parent": "/revistas",
                  "site": Object {
                    "pagebuilder_path_for_native_apps": null,
                    "site_about": null,
                    "site_description": null,
                    "site_keywords": null,
                    "site_tagline": null,
                    "site_title": null,
                    "site_url": null,
                  },
                  "site_topper": Object {
                    "site_logo_image": null,
                  },
                  "social": Object {
                    "facebook": null,
                    "instagram": null,
                    "rss": null,
                    "twitter": null,
                  },
                  "style": Object {
                    "section_style_name": "brando",
                  },
                },
              },
              "description": null,
              "name": "Brando",
              "parent_id": "/revistas",
              "path": "/revistas/brando",
              "type": "site",
              "version": "0.5.8",
            },
            Object {
              "_id": "/revistas",
              "additional_properties": Object {
                "original": Object {
                  "Termicas": Object {
                    "debug": "false",
                  },
                  "_admin": Object {
                    "alias_ids": Array [
                      "/revistas",
                    ],
                  },
                  "_id": "/revistas",
                  "inactive": false,
                  "name": "Revistas",
                  "navigation": Object {
                    "nav_title": "Revistas",
                  },
                  "parent": "/",
                  "site": Object {
                    "pagebuilder_path_for_native_apps": null,
                    "site_about": null,
                    "site_description": null,
                    "site_keywords": null,
                    "site_tagline": null,
                    "site_title": null,
                    "site_url": null,
                  },
                  "site_topper": Object {
                    "site_logo_image": null,
                  },
                  "social": Object {
                    "facebook": null,
                    "instagram": null,
                    "rss": null,
                    "twitter": null,
                  },
                },
              },
              "description": null,
              "name": "Revistas",
              "parent_id": "/",
              "path": "/revistas",
              "type": "site",
              "version": "0.5.8",
            },
          ],
          "sites": Array [
            Object {
              "_id": "/deportes",
              "additional_properties": Object {
                "original": Object {
                  "_admin": Object {
                    "alias_ids": Array [
                      "/deportes",
                    ],
                  },
                  "_id": "/deportes",
                  "inactive": false,
                  "name": "Deportes",
                  "navigation": Object {
                    "nav_title": null,
                  },
                  "node_type": "section",
                  "parent": "/",
                  "site": Object {
                    "pagebuilder_path_for_native_apps": null,
                    "site_about": null,
                    "site_description": null,
                    "site_keywords": "Deportes",
                    "site_tagline": null,
                    "site_title": "Deportes",
                    "site_url": null,
                  },
                  "site_topper": Object {
                    "site_logo_image": null,
                  },
                  "social": Object {
                    "facebook": null,
                    "instagram": null,
                    "rss": null,
                    "twitter": null,
                  },
                },
              },
              "description": null,
              "name": "Deportes",
              "parent_id": "/",
              "path": "/deportes",
              "type": "site",
              "version": "0.5.8",
            },
            Object {
              "_id": "/deportes/Futbol",
              "additional_properties": Object {
                "original": Object {
                  "_admin": Object {
                    "alias_ids": Array [
                      "/deportes/Futbol",
                    ],
                  },
                  "_id": "/deportes/Futbol",
                  "ancestors": Array [
                    "/deportes",
                  ],
                  "children": Array [],
                  "inactive": false,
                  "name": "Futbol",
                  "navigation": Object {
                    "nav_title": null,
                  },
                  "node_type": "section",
                  "parent": "/deportes",
                  "site": Object {
                    "pagebuilder_path_for_native_apps": null,
                    "site_about": null,
                    "site_description": null,
                    "site_keywords": null,
                    "site_tagline": null,
                    "site_title": null,
                    "site_url": null,
                  },
                  "site_topper": Object {
                    "site_logo_image": null,
                  },
                  "social": Object {
                    "facebook": null,
                    "instagram": null,
                    "rss": null,
                    "twitter": null,
                  },
                },
              },
              "description": null,
              "name": "Futbol",
              "parent_id": "/deportes",
              "path": "/deportes/Futbol",
              "type": "site",
              "version": "0.5.8",
            },
            Object {
              "_id": "/recetas/platos-principales",
              "additional_properties": Object {
                "original": Object {
                  "_admin": Object {
                    "alias_ids": Array [
                      "/recetas/platos-principales",
                    ],
                  },
                  "_id": "/recetas/platos-principales",
                  "ancestors": Array [
                    "/recetas",
                  ],
                  "inactive": false,
                  "name": "Platos Principales",
                  "navigation": Object {
                    "nav_title": "Platos Principales",
                  },
                  "parent": "/recetas",
                  "site": Object {
                    "pagebuilder_path_for_native_apps": null,
                    "site_about": null,
                    "site_description": null,
                    "site_keywords": null,
                    "site_tagline": null,
                    "site_title": null,
                    "site_url": null,
                  },
                  "site_topper": Object {
                    "site_logo_image": null,
                  },
                  "social": Object {
                    "facebook": null,
                    "instagram": null,
                    "rss": null,
                    "twitter": null,
                  },
                },
              },
              "description": null,
              "name": "Platos Principales",
              "parent_id": "/recetas",
              "path": "/recetas/platos-principales",
              "type": "site",
              "version": "0.5.8",
            },
            Object {
              "_id": "/recetas",
              "additional_properties": Object {
                "original": Object {
                  "_admin": Object {
                    "alias_ids": Array [
                      "/recetas",
                    ],
                  },
                  "_id": "/recetas",
                  "inactive": false,
                  "name": "Recetas",
                  "navigation": Object {
                    "nav_title": "Recetas",
                  },
                  "parent": "/",
                  "site": Object {
                    "pagebuilder_path_for_native_apps": null,
                    "site_about": null,
                    "site_description": null,
                    "site_keywords": null,
                    "site_tagline": null,
                    "site_title": null,
                    "site_url": null,
                  },
                  "site_topper": Object {
                    "site_logo_image": null,
                  },
                  "social": Object {
                    "facebook": null,
                    "instagram": null,
                    "rss": null,
                    "twitter": null,
                  },
                },
              },
              "description": null,
              "name": "Recetas",
              "parent_id": "/",
              "path": "/recetas",
              "type": "site",
              "version": "0.5.8",
            },
            Object {
              "_id": "/recetas/recetas-con-ingredientes/pollo",
              "additional_properties": Object {
                "original": Object {
                  "Termicas": Object {
                    "debug": "false",
                  },
                  "_admin": Object {
                    "alias_ids": Array [
                      "/recetas/recetas-con-ingredientes/pollo",
                    ],
                  },
                  "_id": "/recetas/recetas-con-ingredientes/pollo",
                  "ancestors": Array [
                    "/recetas",
                    "/recetas/recetas-con-ingredientes",
                  ],
                  "inactive": false,
                  "name": "Pollo",
                  "navigation": Object {
                    "nav_title": null,
                  },
                  "parent": "/recetas/recetas-con-ingredientes",
                  "site": Object {
                    "pagebuilder_path_for_native_apps": null,
                    "site_about": null,
                    "site_description": null,
                    "site_keywords": null,
                    "site_tagline": null,
                    "site_title": null,
                    "site_url": null,
                  },
                  "site_topper": Object {
                    "site_logo_image": null,
                  },
                  "social": Object {
                    "facebook": null,
                    "instagram": null,
                    "rss": null,
                    "twitter": null,
                  },
                },
              },
              "description": null,
              "name": "Pollo",
              "parent_id": "/recetas/recetas-con-ingredientes",
              "path": "/recetas/recetas-con-ingredientes/pollo",
              "type": "site",
              "version": "0.5.8",
            },
            Object {
              "_id": "/recetas/recetas-con-ingredientes",
              "additional_properties": Object {
                "original": Object {
                  "Termicas": Object {
                    "debug": "false",
                  },
                  "_admin": Object {
                    "alias_ids": Array [
                      "/recetas/recetas-con-ingredientes",
                    ],
                  },
                  "_id": "/recetas/recetas-con-ingredientes",
                  "ancestors": Array [
                    "/recetas",
                  ],
                  "inactive": false,
                  "name": "Recetas con ingredientes",
                  "navigation": Object {
                    "nav_title": null,
                  },
                  "parent": "/recetas",
                  "site": Object {
                    "pagebuilder_path_for_native_apps": null,
                    "site_about": null,
                    "site_description": null,
                    "site_keywords": null,
                    "site_tagline": null,
                    "site_title": null,
                    "site_url": null,
                  },
                  "site_topper": Object {
                    "site_logo_image": null,
                  },
                  "social": Object {
                    "facebook": null,
                    "instagram": null,
                    "rss": null,
                    "twitter": null,
                  },
                },
              },
              "description": null,
              "name": "Recetas con ingredientes",
              "parent_id": "/recetas",
              "path": "/recetas/recetas-con-ingredientes",
              "type": "site",
              "version": "0.5.8",
            },
          ],
          "tags": Array [
            Object {
              "description": "un tag de prueba 1",
              "slug": "tagprueba1",
              "text": "TagPrueba1",
            },
            Object {
              "description": "un tag de prueba 2",
              "slug": "tagprueba2",
              "text": "TagPrueba2",
            },
          ],
        },
        "type": "story",
        "version": "0.10.2",
        "website": "la-nacion-ar",
        "website_url": "/2018/09/20/tras-el-0-0-con-independiente-como-le-fue-a-river-en-la-era-marcelo-gallardo-cuando-tuvo-que-definir-una-serie-como-local/",
        "websites": Object {
          "la-nacion-ar": Object {
            "website_section": Object {
              "_id": "/recetas/recetas-con-ingredientes/pollo",
              "_website": "la-nacion-ar",
              "_website_section_id": "la-nacion-ar./recetas/recetas-con-ingredientes/pollo",
              "additional_properties": Object {
                "original": Object {
                  "Termicas": Object {
                    "debug": "false",
                  },
                  "_admin": Object {
                    "alias_ids": Array [
                      "/recetas/recetas-con-ingredientes/pollo",
                    ],
                  },
                  "_id": "/recetas/recetas-con-ingredientes/pollo",
                  "_website": "la-nacion-ar",
                  "ancestors": Object {
                    "default": Array [
                      "/recetas",
                      "/recetas/recetas-con-ingredientes",
                    ],
                  },
                  "inactive": false,
                  "name": "Pollo",
                  "navigation": Object {
                    "nav_title": null,
                  },
                  "node_type": "section",
                  "parent": Object {
                    "default": "/recetas/recetas-con-ingredientes",
                  },
                  "site": Object {
                    "pagebuilder_path_for_native_apps": null,
                    "site_about": null,
                    "site_description": null,
                    "site_keywords": null,
                    "site_tagline": null,
                    "site_title": null,
                    "site_url": null,
                  },
                  "site_topper": Object {
                    "site_logo_image": null,
                  },
                  "social": Object {
                    "facebook": null,
                    "instagram": null,
                    "rss": null,
                    "twitter": null,
                  },
                },
              },
              "description": null,
              "name": "Pollo",
              "parent": Object {
                "default": "/recetas/recetas-con-ingredientes",
              },
              "parent_id": "/recetas/recetas-con-ingredientes",
              "path": "/recetas/recetas-con-ingredientes/pollo",
              "type": "section",
              "version": "0.6.0",
            },
            "website_url": "/2018/09/20/tras-el-0-0-con-independiente-como-le-fue-a-river-en-la-era-marcelo-gallardo-cuando-tuvo-que-definir-una-serie-como-local/",
          },
        },
        "workflow": Object {
          "status_code": 3,
        },
      }
    }
    layout="LN-nota-receta"
  >
    <script
      dangerouslySetInnerHTML={
        Object {
          "__html": "
            {
                \\"@context\\": \\"https://schema.org\\",
                \\"@type\\": \\"Recipe\\",
                \\"author\\": \\"\\",
                \\"cookTime\\": \\"PT45M\\",
                \\"datePublished\\": \\"2018-09-20T14:08:46.236Z\\",
                \\"description\\": \\"\\",
                \\"image\\": \\"https://arc-anglerfish-arc2-sandbox-sandbox-lanacionar.s3.amazonaws.com/public/YQPFIZTCKVFKFDHNINT7IBBI6U.jpg\\",
                \\"recipeIngredient\\": \\"Tomate, Zanahoria, Cebolla, Ajo,Tomate, Harina, Huevos, Lo que sea\\",
                \\"name\\": \\"Tras el 0-0 con Independiente: cómo le fue a River en la era Marcelo Gallardo cuando tuvo que definir una serie como local\\",
                \\"recipeInstructions\\": \\"Cocinar, Probar, Servir\\",
                \\"recipeYield\\": \\"8 porciones\\"
            }",
        }
      }
      type="application/ld+json"
    />
  </snippet>
</snippetIndex>
`;
