// Jest Snapshot v1, https://goo.gl/fbAQLP

exports[`Components - Features - foodit-global - Common - Header - component - rightOptions should render bell 1`] = `
<div>
  <div
    class=""
  >
    <div
      class="relative w-max"
    >
      <button
        class="button notification-drawer-button --icon-only"
        title="Abrir Notificaciones"
      >
        <div
          class="notification-drawer-button-icon-wrapper relative"
        >
          <i
            aria-hidden="true"
            class="icon notification-drawer-icon-default"
          />
        </div>
      </button>
    </div>
  </div>
</div>
`;
