// Jest Snapshot v1, https://goo.gl/fbAQLP

exports[`Tests RoofFoodit Should match snapshot 1`] = `
<div>
  <div
    class="flex ai-end jc-between gap-24 mb-24"
  >
    <a
      class="link foodit-link flex gap-8 ai-center roboto-bold uppercase prumo prumo-light text-24 text-32_md text-36_lg border border-bottom border-thin border-light-800 text-accent-batata__hover border-accent-lechuga__hover"
      data-variant="primary"
      href="https://lanacion.com.ar/"
      target="_self"
      title="Ir a Título de prueba"
    >
      Texto del enlace
    </a>
  </div>
</div>
`;
