// Jest Snapshot v1, https://goo.gl/fbAQLP

exports[`Private - Feature - CajaAnticipo => with a valid response Snapshot Caja Promo 1`] = `
<CajaPromo
  customFields={
    Object {
      "link": "https://www.lanacion.com.ar/",
      "logoName": "propiedades",
      "text": "La información más completa del mercado inmobiliario minuto a minuto.",
    }
  }
>
  <StaticContent>
    <div
      className="hidden"
    >
      <ModPromo
        classCondition={null}
        isStatic={true}
        link="https://www.lanacion.com.ar/"
        logoName="propiedades"
        logoSize="--xs"
        tag={null}
        text="La información más completa del mercado inmobiliario minuto a minuto."
        textButton={null}
      >
        <section
          className="mod-promo "
        >
          <a
            className="link"
            href="https://www.lanacion.com.ar/"
            title="La información más completa del mercado inmobiliario minuto a minuto."
          >
            <div>
              <com-logo
                color={true}
                isStatic={true}
                logoName="propiedades"
                size="--xs"
              />
              <p
                className="com-text --threexs"
              >
                La información más completa del mercado inmobiliario minuto a minuto.
              </p>
            </div>
            <span
              className="com-button --secondary"
            >
              IR A NOTAS
            </span>
          </a>
        </section>
      </ModPromo>
    </div>
  </StaticContent>
</CajaPromo>
`;
