// Jest Snapshot v1, https://goo.gl/fbAQLP

exports[`Components - Features - LN-Common - PreHeader should match snapshot of PreHeader 1`] = `
<div
  class="ln-pre-header flex ai-center --tablet-none"
>
  <div
    class="lay-container"
  >
    <div
      class="flex ai-center"
    >
      <a
        class="link ln-link --weather mr-16"
        data-event="e_linkclick"
        data-section="MenuLN"
        href="/clima"
        target="_self"
        title="Clima"
      >
        <div
          class="ln-weather flex ai-center jc-start w-max"
        >
          <span
            class="text ln-text place mr-8 --font-xs"
          >
            Capital Federal
          </span>
          <i
            class="icon mr-4 --icon-16"
          >
            <svg
              fill="none"
              viewBox="0 0 24 24"
              xmlns="http://www.w3.org/2000/svg"
            >
              <path
                d="M12 18a6 6 0 1 1 0-12 6 6 0 0 1 0 12m0-2a4 4 0 1 0 0-8 4 4 0 0 0 0 8M11 1h2v3h-2zm0 19h2v3h-2zM3.515 4.929l1.414-1.414L7.05 5.636 5.636 7.05zM16.95 18.364l1.414-1.414 2.121 2.121-1.414 1.414zm2.121-14.85 1.414 1.415-2.121 2.121-1.414-1.414 2.121-2.121zM5.636 16.95l1.414 1.414-2.121 2.121-1.414-1.414zM23 11v2h-3v-2zM4 11v2H1v-2z"
                fill="#272727"
              />
            </svg>
          </i>
          <span
            class="text ln-text --font-bold --font-xs"
          >
            24.5
          </span>
        </div>
      </a>
      <div
        class="topics-container flex ai-center"
      >
        <nav
          class="topics flex --scroll-x ai-center"
        >
          <span
            class="text ln-text mr-8 --font-xs"
          >
            HOY: 
          </span>
          <ul
            class="tag-list inline-flex"
          >
            <li
              class="w-max flex ai-center"
            >
              <a
                class="link mr-8 --font-bold --font-xs --unstyled"
                data-event="e_linkclick"
                data-section="MenuLN"
                href="/first-topic"
                target="_self"
                title="First topic"
              >
                First topic
              </a>
            </li>
            <li
              class="w-max flex ai-center"
            >
              <a
                class="link mr-8 --font-bold --font-xs --unstyled"
                data-event="e_linkclick"
                data-section="MenuLN"
                href="/second-topic"
                target="_self"
                title="Second topic"
              >
                Second topic
              </a>
            </li>
            <li
              class="w-max flex ai-center"
            >
              <a
                class="link mr-8 --font-bold --font-xs --unstyled"
                data-event="e_linkclick"
                data-section="MenuLN"
                href="/third-topic"
                target="_self"
                title="Third topic"
              >
                Third topic
              </a>
            </li>
          </ul>
        </nav>
      </div>
    </div>
  </div>
</div>
`;
