// Jest Snapshot v1, https://goo.gl/fbAQLP

exports[`Json Acumulado section. Test de integracion Test de snapshot 1`] = `
Object {
  "notas": Array [
    Object {
      "autor": Object {
        "id": "diego-cabot",
        "image": Object {
          "id": undefined,
          "src": "https://lanacionar-la-nacion-ar-prod.cdn.arcpublishing.com/resizer/hiaSXQgzjjFcy2aAkKhl_ucF5E4=/1033x0/arc-anglerfish-arc2-sandbox-sandbox-lanacionar.s3.amazonaws.com/public/VASAYYYBLVFIJCFDSH22JS5X2Q.jpg",
        },
        "nombre": "Diego Cabot",
        "tipo": 1,
      },
      "id": "B2EMM366VFGVHEPJDUVGBLCYX4",
      "imagen": Object {
        "id": "PWQEKVCUHJGJLBUDQOYDEII5XU",
        "src": "https://lanacionar-la-nacion-ar-prod.cdn.arcpublishing.com/resizer/hiaSXQgzjjFcy2aAkKhl_ucF5E4=/1033x0/arc-anglerfish-arc2-sandbox-sandbox-lanacionar.s3.amazonaws.com/public/VASAYYYBLVFIJCFDSH22JS5X2Q.jpg",
      },
      "subtype": "4",
      "titulo": "Test de generacion de url",
    },
    Object {
      "id": "I5ZEZLJLMZFJ7F7XW6JSLAQR4I",
      "subtype": "1",
      "titulo": "Receta de prueba con volanta",
    },
    Object {
      "id": "RNDZITUWEBCT7DMVU5MZ5ANG3A",
      "subtype": "1",
      "titulo": "Mi paso por el yoga del infierno",
    },
    Object {
      "id": "2CJ4Q5VQBZBXBFYADC75HMASDU",
      "imagen": Object {
        "id": "272ELZPBAJAMTJ6NLZISAQ5S3Q",
        "src": "https://lanacionar-la-nacion-ar-prod.cdn.arcpublishing.com/resizer/hiaSXQgzjjFcy2aAkKhl_ucF5E4=/1033x0/arc-anglerfish-arc2-sandbox-sandbox-lanacionar.s3.amazonaws.com/public/VASAYYYBLVFIJCFDSH22JS5X2Q.jpg",
      },
      "subtype": "1",
      "titulo": "Probando Breaking news",
    },
    Object {
      "id": "VSBWVU7WRVD5PONUYIORE3IUDQ",
      "imagen": Object {
        "id": "NNIYHDQG75GLJKANNW5AIC5FZA",
        "src": "https://lanacionar-la-nacion-ar-prod.cdn.arcpublishing.com/resizer/hiaSXQgzjjFcy2aAkKhl_ucF5E4=/1033x0/arc-anglerfish-arc2-sandbox-sandbox-lanacionar.s3.amazonaws.com/public/VASAYYYBLVFIJCFDSH22JS5X2Q.jpg",
      },
      "subtype": "4",
      "titulo": "Diego template recetas",
    },
    Object {
      "id": "AURFWI6AKZFGDLZJAVDRD5UTBY",
      "subtype": "1",
      "titulo": "Datos de prueba",
    },
    Object {
      "autor": Object {
        "id": "martin-lousteau",
        "image": Object {
          "id": undefined,
          "src": "https://lanacionar-la-nacion-ar-prod.cdn.arcpublishing.com/resizer/hiaSXQgzjjFcy2aAkKhl_ucF5E4=/1033x0/arc-anglerfish-arc2-sandbox-sandbox-lanacionar.s3.amazonaws.com/public/VASAYYYBLVFIJCFDSH22JS5X2Q.jpg",
        },
        "nombre": "Martín Lousteau",
        "tipo": 1,
      },
      "id": "H3EO6XS3YVHKPH33CXXUYWC5ME",
      "subtype": "1",
      "titulo": "nota de Guilleaaaa",
    },
    Object {
      "id": "TWKFZQ6FCNF3ZKPHGGZPMSSOGQ",
      "imagen": Object {
        "id": "YQPFIZTCKVFKFDHNINT7IBBI6U",
        "src": "https://lanacionar-la-nacion-ar-prod.cdn.arcpublishing.com/resizer/hiaSXQgzjjFcy2aAkKhl_ucF5E4=/1033x0/arc-anglerfish-arc2-sandbox-sandbox-lanacionar.s3.amazonaws.com/public/VASAYYYBLVFIJCFDSH22JS5X2Q.jpg",
      },
      "subtype": "1",
      "titulo": "Tras el 0-0 con Independiente: cómo le fue a River en la era Marcelo Gallardo cuando tuvo que definir una serie como local",
    },
    Object {
      "id": "U4AWGFDWKJHHFHEUUBTOEX2VN4",
      "imagen": Object {
        "id": "YWOVDVKZYNDIPGHMIFLO4KBVXM",
        "src": "https://lanacionar-la-nacion-ar-prod.cdn.arcpublishing.com/resizer/hiaSXQgzjjFcy2aAkKhl_ucF5E4=/1033x0/arc-anglerfish-arc2-sandbox-sandbox-lanacionar.s3.amazonaws.com/public/VASAYYYBLVFIJCFDSH22JS5X2Q.jpg",
      },
      "subtype": "1",
      "titulo": "Titulo nota de prueba",
    },
  ],
  "paginar": true,
  "titulo": "Recetas",
}
`;
