// Jest Snapshot v1, https://goo.gl/fbAQLP

exports[`components - features - LN-Nota - newsLetters Render and snapshot Test 1`] = `
<div>
  <div
    class="mb-32"
  >
    <article
      class="newsletterbox newsletterbox-skeleton"
    >
      <div
        class="newsletterbox-image"
      >
        <div
          class="skeleton-loader image flex --cover"
        />
      </div>
      <div
        class="newsletterbox-content"
      >
        <div
          class="newsletterbox-text-content"
        >
          <div
            class="skeleton-loader email-icon"
          />
          <div
            class="newsletterbox-header"
          >
            <div
              class="skeleton-loader newsletterbox-header-text"
            />
            <div
              class="skeleton-loader newsletterbox-header-title"
            />
          </div>
          <div
            class="skeleton-loader newsletterbox-description"
          />
        </div>
        <div
          class="newsletterbox-divider"
        />
        <div
          class="skeleton-loader newsletterbox-button"
        />
      </div>
    </article>
  </div>
</div>
`;
