// Jest Snapshot v1, https://goo.gl/fbAQLP

exports[`features - LaNacion - Nota -  Test de snapshot Breadcrumb 1`] = `
Array [
  <nav
    class="com-breadcrumb "
  >
    <a
      class="com-link --threexs"
      href="//"
      style="color:;border-left-color:"
    >
      LA NACION
    </a>
    <a
      class="com-link --threexs"
      href="/recetas/"
      style="color:;border-left-color:"
    >
      Recetas
    </a>
    <a
      class="com-link --threexs"
      href="/recetas/recetas-con-ingredientes/"
      style="color:;border-left-color:"
    >
      Recetas con ingredientes
    </a>
    <a
      class="com-link --threexs"
      href="/recetas/recetas-con-ingredientes/pollo/"
      style="color:;border-left-color:"
    >
      Pollo
    </a>
  </nav>,
  null,
]
`;
