// Jest Snapshot v1, https://goo.gl/fbAQLP

exports[`features - LaNacion - Nota -  Test de snapshot Breadcrumb 1`] = `
Array [
  <nav
    class="com-breadcrumb "
  >
    <a
      class="com-link --fourxs"
      href="//"
      title="Noticias de LA NACION"
    >
      <i
        class="com-icon bullet icon-bullet-xs"
      />
      LA NACION
    </a>
    <a
      class="com-link --fourxs"
      href="/recetas/"
      title="Noticias de Recetas"
    >
      <i
        class="com-icon bullet icon-bullet-xs"
      />
      Recetas
    </a>
    <a
      class="com-link --fourxs"
      href="/recetas/recetas-con-ingredientes/"
      title="Noticias de Recetas con ingredientes"
    >
      <i
        class="com-icon bullet icon-bullet-xs"
      />
      Recetas con ingredientes
    </a>
    <a
      class="com-link --fourxs"
      href="/recetas/recetas-con-ingredientes/pollo/"
      title="Noticias de Pollo"
    >
      <i
        class="com-icon bullet icon-bullet-xs"
      />
      Pollo
    </a>
  </nav>,
  null,
]
`;
