// Jest Snapshot v1, https://goo.gl/fbAQLP

exports[`Ranking matches snapshot 1`] = `
<div
  class="com-ranking"
>
  <h2
    class="com-title-section-m"
  >
    Más leídas de Pollo
  </h2>
  <ul
    class="com-ordered"
  >
    <li
      class="com-item"
    >
      <article
        class="mod-caja-nota --border  "
      >
        <section
          class="cont-figure"
        >
          <a
            class="figure"
            href="/autos/test-de-generacion-de-url/"
          >
            <picture
              class="content-pic picture "
            >
              <img
                alt=""
                class="content-img"
                src="https://arc-anglerfish-arc2-sandbox-sandbox-lanacionar.s3.amazonaws.com/public/PWQEKVCUHJGJLBUDQOYDEII5XU.jpg"
              />
            </picture>
          </a>
        </section>
        <div
          class="mod-caja-nota__descrip"
        >
          <h2
            class="com-title-acu"
          >
            <a
              href="/autos/test-de-generacion-de-url/"
            >
              Test de generacion de url
            </a>
          </h2>
        </div>
      </article>
    </li>
    <li
      class="com-item"
    >
      <article
        class="mod-caja-nota --border  "
      >
        <section
          class="cont-figure"
        >
          <a
            class="figure"
            href="/recetas/receta-de-prueba-con-volanta/"
          >
            <picture
              class="content-pic picture "
            />
          </a>
        </section>
        <div
          class="mod-caja-nota__descrip"
        >
          <h2
            class="com-title-acu"
          >
            <a
              href="/recetas/receta-de-prueba-con-volanta/"
            >
              <b>
                Esto es una volanta !!!. 
              </b>
              Receta de prueba con volanta
            </a>
          </h2>
        </div>
      </article>
    </li>
    <li
      class="com-item"
    >
      <article
        class="mod-caja-nota --border  "
      >
        <section
          class="cont-figure"
        >
          <a
            class="figure"
            href="/2019/01/24/mi-paso-por-el-yoga-del-infierno/"
          >
            <picture
              class="content-pic picture "
            />
          </a>
        </section>
        <div
          class="mod-caja-nota__descrip"
        >
          <h2
            class="com-title-acu"
          >
            <a
              href="/2019/01/24/mi-paso-por-el-yoga-del-infierno/"
            >
              Mi paso por el yoga del infierno
            </a>
          </h2>
        </div>
      </article>
    </li>
  </ul>
</div>
`;
