// Jest Snapshot v1, https://goo.gl/fbAQLP

exports[`Tips matches snapshot 1`] = `
<div
  class="com-tip"
>
  <h4
    class="com-title --l"
  >
    Tips
  </h4>
  <p>
    Lorem ipsum dolor sit amet, consectetur adipiscing elit, sed do eiusmod tempor incididunt ut labore et dolore magna aliqua. Ut enim ad minim veniam, quis nostrud exercitation ullamco laboris nisi ut aliquip ex ea commodo consequat.
  </p>
</div>
`;
