// Jest Snapshot v1, https://goo.gl/fbAQLP

exports[`features - LaNacion - Nota - TituloNota Test de snapshot Titulo e Icono en Nota 1`] = `
Array [
  <com-logo
    alt="Revista Brando"
    href="/revista-brando/"
    logoname="brando"
    size="--sm"
    title="Revista Brando"
  />,
  <h1
    class="com-title --threexl"
  >
    Tras el 0-0 con Independiente: cómo le fue a River en la era Marcelo Gallardo cuando tuvo que definir una serie como local
  </h1>,
]
`;
