// Jest Snapshot v1, https://goo.gl/fbAQLP

exports[`Tests component - imageBase Cases with tag Picture should return a link with the an image with picture 1`] = `
<div>
  <a
    href="/lifestyle/por-mas-verde-interior-y-exterior-se-funden-en-esta-casa-con-una-galeria-fabulosa-nid2436566/"
  >
    <div
      class="placeholder "
    >
      <div
        class="com-image content-visibility-auto will-change-auto"
      >
        <picture>
          <source
            media="(min-width: 1280px)"
            srcset="https://www.lanacion.com.ar/resizer/9JkXATNcqzYXNsQ2bYSGvpitwUA=/608x405/smart/filters:format(webp):quality(80)/cloudfront-us-east-1.images.arcpublishing.com/lanacionar/WQXXYZCSIFH2FIOME64UDJKN64.jpg"
          />
          <source
            media="(min-width: 375px)"
            srcset="https://www.lanacion.com.ar/resizer/m7nbZlY2_AfrOIcxMPTEiZs5sok=/375x250/smart/filters:format(webp):quality(80)/cloudfront-us-east-1.images.arcpublishing.com/lanacionar/WQXXYZCSIFH2FIOME64UDJKN64.jpg"
          />
          <img
            alt="Adentro y afuera se confunden en esta casa con gran quincho junto a un jardín semicubierto"
            class="image flex com-image will-change-auto --cover"
            decoding="async"
            fetchpriority="high"
            height="513"
            loading="eager"
            src="https://www.lanacion.com.ar/resizer/m7nbZlY2_AfrOIcxMPTEiZs5sok=/375x250/smart/filters:format(webp):quality(80)/cloudfront-us-east-1.images.arcpublishing.com/lanacionar/WQXXYZCSIFH2FIOME64UDJKN64.jpg"
            width="768"
          />
        </picture>
      </div>
    </div>
  </a>
</div>
`;

exports[`Tests component - imageBase Cases without tag picture The image should be wrapped in a link 1`] = `
<div>
  <a
    href="/lifestyle/por-mas-verde-interior-y-exterior-se-funden-en-esta-casa-con-una-galeria-fabulosa-nid2436566/"
  >
    <div
      class="placeholder "
    >
      <div
        class="com-image content-visibility-auto will-change-auto"
      >
        <picture>
          <source
            media="(min-width: 1280px)"
            srcset="https://www.lanacion.com.ar/resizer/9JkXATNcqzYXNsQ2bYSGvpitwUA=/608x405/smart/filters:format(webp):quality(80)/cloudfront-us-east-1.images.arcpublishing.com/lanacionar/WQXXYZCSIFH2FIOME64UDJKN64.jpg"
          />
          <source
            media="(min-width: 375px)"
            srcset="https://www.lanacion.com.ar/resizer/m7nbZlY2_AfrOIcxMPTEiZs5sok=/375x250/smart/filters:format(webp):quality(80)/cloudfront-us-east-1.images.arcpublishing.com/lanacionar/WQXXYZCSIFH2FIOME64UDJKN64.jpg"
          />
          <img
            alt="Adentro y afuera se confunden en esta casa con gran quincho junto a un jardín semicubierto"
            class="image flex com-image will-change-auto --cover"
            decoding="async"
            fetchpriority="high"
            height="513"
            loading="eager"
            src="https://www.lanacion.com.ar/resizer/m7nbZlY2_AfrOIcxMPTEiZs5sok=/375x250/smart/filters:format(webp):quality(80)/cloudfront-us-east-1.images.arcpublishing.com/lanacionar/WQXXYZCSIFH2FIOME64UDJKN64.jpg"
            width="768"
          />
        </picture>
      </div>
    </div>
  </a>
</div>
`;
