// Jest Snapshot v1, https://goo.gl/fbAQLP

exports[`SnippetNoticia default subtype (NewsArticle) should render a NewsArticle JSON-LD script when type is "story" 1`] = `
{
  "@context": "https://schema.org",
  "@type": "NewsArticle",
  "articleSection": "Test section",
  "author": {
    "@type": "Organization",
    "name": "LA NACION",
  },
  "creator": [],
  "dateCreated": "2023-01-01T00:00:00.000Z",
  "dateModified": "2023-01-04T00:00:00.000Z",
  "datePublished": "2023-01-02T00:00:00.000Z",
  "headline": "Test title",
  "image": [
    {
      "@type": "ImageObject",
      "height": 675,
      "url": "https://arc-static.glanacion.com/pf/resources/images/placeholderLN-1200x800.jpg",
      "width": 1200,
    },
    {
      "@type": "ImageObject",
      "height": 900,
      "url": "https://arc-static.glanacion.com/pf/resources/images/placeholderLN-1200x800.jpg",
      "width": 1200,
    },
    {
      "@type": "ImageObject",
      "height": 1200,
      "url": "https://arc-static.glanacion.com/pf/resources/images/placeholderLN-1200x800.jpg",
      "width": 1200,
    },
  ],
  "isAccessibleForFree": true,
  "isPartOf": {
    "@type": [
      "CreativeWork",
      "Product",
    ],
    "name": "Acceso Digital Monthly Test",
    "productID": "lanacion.com.ar:acceso_digital",
  },
  "keywords": [],
  "mainEntityOfPage": "https://www.lanacion.com.ar/news-test/",
  "publisher": {
    "@id": "https://www.lanacion.com.ar/#organization",
  },
  "publishingPrinciples": "https://www.lanacion.com.ar/tema/the-trust-project-tid68036/",
  "thumbnailUrl": "https://arc-static.glanacion.com/pf/resources/images/placeholderLN-1200x800.jpg",
  "url": "https://www.lanacion.com.ar/news-test",
}
`;
