// Jest Snapshot v1, https://goo.gl/fbAQLP

exports[`BarrierRequiresSubscription should match snapshot logged 1`] = `
<div>
  <div
    class="barrier flex flex-column jc-center ai-center rounded-4 py-16 px-20 w-100 bg-dark-200 text-light-200"
  >
    <button
      aria-label="Cerrar modal"
      class="button ln-button font-bold border border-thin rounded-4 gap-8 border-all border-transparent bg-transparent 
      text-light-700 as-flex-end mb-24 --default"
      data-variant="default"
      title="Cerrar modal"
      type="button"
    >
      <i
        class="icon --icon-24"
      >
        <mock-icon
          fill="#fff"
          name="close"
        />
      </i>
    </button>
    <span
      class="ln-badge inline-flex w-fit h-fit ai-center z-1 flex-nowrap text-16 rounded-48 bg-subscriber-negative text-light-50 border border-all border-thin border-neutral-light-900 py-8 pr-16 pl-12 gap-12 --exclusive-ln mb-24"
    >
      <i
        class="icon --icon-28"
      >
        <svg
          fill="none"
          height="32"
          viewBox="0 0 32 32"
          width="32"
          xmlns="http://www.w3.org/2000/svg"
        >
          <rect
            fill="#FDB727"
            height="32"
            rx="16"
            width="32"
          />
          <path
            clip-rule="evenodd"
            d="M16.991 11.8921C17.2038 11.6558 17.3333 11.343 17.3333 11C17.3333 10.2636 16.7364 9.66669 16 9.66669C15.2636 9.66669 14.6667 10.2636 14.6667 11C14.6667 11.3431 14.7962 11.6558 15.009 11.8921L12.9004 14.6914L10.6407 13.2629C10.6577 13.1779 10.6667 13.09 10.6667 13C10.6667 12.2636 10.0697 11.6667 9.33333 11.6667C8.59695 11.6667 8 12.2636 8 13C8 13.7364 8.59695 14.3334 9.33333 14.3334C9.36509 14.3334 9.39658 14.3322 9.42778 14.3301L10.3563 21.8142C10.393 22.1102 10.6576 22.3334 10.972 22.3334H21.0281C21.3424 22.3334 21.607 22.1102 21.6438 21.8142L22.5723 14.3301C22.6035 14.3322 22.6349 14.3334 22.6667 14.3334C23.403 14.3334 24 13.7364 24 13C24 12.2636 23.403 11.6667 22.6667 11.6667C21.9303 11.6667 21.3333 12.2636 21.3333 13C21.3333 13.09 21.3423 13.178 21.3593 13.263L19.0997 14.6914L16.991 11.8921Z"
            fill="#0D0D0D"
            fill-rule="evenodd"
          />
        </svg>
      </i>
      <strong
        title="Este es un contenido cerrado a suscriptores"
      >
        Suscriptores
      </strong>
    </span>
    <div
      class="text-center mb-16"
    >
      <p
        class="--font-primary --l --font-medium"
        id="barrier-audio-dialog-label"
      >
        Para realizar esta acción adquirí una suscripción.
      </p>
    </div>
    <div
      class="w-100 text-center flex flex-column jc-center ai-center"
    >
      <a
        class="button ln-button font-bold border border-thin rounded-4 gap-8 border-transparent h-40 px-16 py-12 w-250 bg-light-100 mb-16 text-light-700 --custom"
        data-variant="custom"
        href="https://suscripciones.lanacion.com.ar/suscribirme?cv=670&fc=744&callback=aHR0cDovL2xvY2FsaG9zdC8="
        target="_self"
        title="Suscribirme"
        type="button"
      >
        suscribirme
      </a>
      <p
        class="text ln-text font-bold mb-4"
        id="barrier-dialog-description"
      >
        ¿Tenés Club LA NACION Black o Premium?
      </p>
      <a
        class="link ln-link text-blue-300 font-bold"
        href="https://checkout.lanacion.com.ar/suscripcion/C/111/?cv=670&fc=744&productCategory=Voluntario&callback=aHR0cDovL2xvY2FsaG9zdC8="
        target="_self"
        title="Iniciar sesión"
      >
        Vincular credencial
      </a>
    </div>
  </div>
</div>
`;

exports[`BarrierRequiresSubscription should match snapshot unlogged 1`] = `
<div>
  <div
    class="barrier flex flex-column jc-center ai-center rounded-4 py-16 px-20 w-100 bg-dark-200 text-light-200"
  >
    <button
      aria-label="Cerrar modal"
      class="button ln-button font-bold border border-thin rounded-4 gap-8 border-all border-transparent bg-transparent 
      text-light-700 as-flex-end mb-24 --default"
      data-variant="default"
      title="Cerrar modal"
      type="button"
    >
      <i
        class="icon --icon-24"
      >
        <mock-icon
          fill="#fff"
          name="close"
        />
      </i>
    </button>
    <span
      class="ln-badge inline-flex w-fit h-fit ai-center z-1 flex-nowrap text-16 rounded-48 bg-subscriber-negative text-light-50 border border-all border-thin border-neutral-light-900 py-8 pr-16 pl-12 gap-12 --exclusive-ln mb-24"
    >
      <i
        class="icon --icon-28"
      >
        <svg
          fill="none"
          height="32"
          viewBox="0 0 32 32"
          width="32"
          xmlns="http://www.w3.org/2000/svg"
        >
          <rect
            fill="#FDB727"
            height="32"
            rx="16"
            width="32"
          />
          <path
            clip-rule="evenodd"
            d="M16.991 11.8921C17.2038 11.6558 17.3333 11.343 17.3333 11C17.3333 10.2636 16.7364 9.66669 16 9.66669C15.2636 9.66669 14.6667 10.2636 14.6667 11C14.6667 11.3431 14.7962 11.6558 15.009 11.8921L12.9004 14.6914L10.6407 13.2629C10.6577 13.1779 10.6667 13.09 10.6667 13C10.6667 12.2636 10.0697 11.6667 9.33333 11.6667C8.59695 11.6667 8 12.2636 8 13C8 13.7364 8.59695 14.3334 9.33333 14.3334C9.36509 14.3334 9.39658 14.3322 9.42778 14.3301L10.3563 21.8142C10.393 22.1102 10.6576 22.3334 10.972 22.3334H21.0281C21.3424 22.3334 21.607 22.1102 21.6438 21.8142L22.5723 14.3301C22.6035 14.3322 22.6349 14.3334 22.6667 14.3334C23.403 14.3334 24 13.7364 24 13C24 12.2636 23.403 11.6667 22.6667 11.6667C21.9303 11.6667 21.3333 12.2636 21.3333 13C21.3333 13.09 21.3423 13.178 21.3593 13.263L19.0997 14.6914L16.991 11.8921Z"
            fill="#0D0D0D"
            fill-rule="evenodd"
          />
        </svg>
      </i>
      <strong
        title="Este es un contenido cerrado a suscriptores"
      >
        Suscriptores
      </strong>
    </span>
    <div
      class="text-center mb-16"
    >
      <p
        class="--font-primary --l --font-medium"
        id="barrier-audio-dialog-label"
      >
        Para realizar esta acción adquirí una suscripción.
      </p>
    </div>
    <div
      class="w-100 text-center flex flex-column jc-center ai-center"
    >
      <a
        class="button ln-button font-bold border border-thin rounded-4 gap-8 border-transparent h-40 px-16 py-12 w-250 bg-light-100 mb-16 text-light-700 --custom"
        data-variant="custom"
        href="https://suscripciones.lanacion.com.ar/suscribirme?cv=670&fc=744&callback=aHR0cDovL2xvY2FsaG9zdC8="
        target="_self"
        title="Suscribirme"
        type="button"
      >
        suscribirme
      </a>
      <p
        class="text ln-text font-bold mb-4"
        id="barrier-dialog-description"
      >
        ¿Tenés Club LA NACION Black o Premium?
      </p>
      <a
        class="link ln-link text-blue-300 font-bold"
        href="https://checkout.lanacion.com.ar/suscripcion/C/111/?cv=670&fc=744&productCategory=Voluntario&callback=aHR0cDovL2xvY2FsaG9zdC8="
        target="_self"
        title="Iniciar sesión"
      >
        Vincular credencial
      </a>
    </div>
  </div>
</div>
`;
