// Jest Snapshot v1, https://goo.gl/fbAQLP

exports[`DrawerMyAccount component should match snapshot 1`] = `
<div>
  <div
    class="drawer-overlay fixed top-0 left-0 w-100 h-100vh visibility-hidden opacity-0 z-15"
    data-id="overlay-drawer-account"
  >
    <div
      class="drawer flex flex-column overflow-hidden fixed top-0 w-100 h-100vh h-100dvh max-w-520_md bg-light-1 gap-16 p-16 p-24_md p-32_lg shadow-down-md transition-regular right-0"
      data-id="drawer-account"
      data-position="right"
      data-visible="false"
    >
      <div
        class="flex"
      >
        <button
          class="button ml-auto"
          title="Cerrar menú"
        >
          <i
            class="icon --icon-24 --dark"
          >
            <mock-icon
              name="close"
            />
          </i>
        </button>
      </div>
      <div
        class="drawer-body z-1 flex-grow-1 overflow-x-hidden foodit-scrollbar flex flex-column gap-16"
      >
        <ul
          class="w-100"
        >
          <li>
            <button
              class="card-item py-8 flex gap-8 ai-center roboto-regular w-100 transition-regular text-12 uppercase border border-bottom border-thin border-light-100"
              role="button"
              title="Ir a Mis recetas"
            >
              <i
                class="icon --icon-20 --inherit"
              >
                <mock-icon
                  critical="true"
                  name="bookmark"
                />
              </i>
              <span
                class="text-left flex-grow-1"
              >
                Mis recetas
              </span>
              <i
                class="icon --icon-16 --inherit"
              >
                <mock-icon
                  name="arrow-right"
                />
              </i>
            </button>
          </li>
          <li>
            <button
              class="card-item py-8 flex gap-8 ai-center roboto-regular w-100 transition-regular text-12 uppercase border border-bottom border-thin border-light-100"
              role="button"
              title="Ir a Lista de compras"
            >
              <i
                class="icon --icon-20 --inherit"
              >
                <mock-icon
                  name="list"
                />
              </i>
              <span
                class="text-left flex-grow-1"
              >
                Lista de compras
              </span>
              <i
                class="icon --icon-16 --inherit"
              >
                <mock-icon
                  name="arrow-right"
                />
              </i>
            </button>
          </li>
          <li>
            <button
              class="card-item py-8 flex gap-8 ai-center roboto-regular w-100 transition-regular text-12 uppercase border border-bottom border-thin border-light-100"
              role="button"
              title="Ir a Mi cuenta"
            >
              <i
                class="icon --icon-20 --inherit"
              >
                <mock-icon
                  critical="true"
                  name="profile"
                />
              </i>
              <span
                class="text-left flex-grow-1"
              >
                Mi cuenta
              </span>
              <i
                class="icon --icon-16 --inherit"
              >
                <mock-icon
                  name="arrow-right"
                />
              </i>
            </button>
          </li>
          <li>
            <button
              class="card-item py-8 flex gap-8 ai-center roboto-regular w-100 transition-regular text-12 uppercase border border-bottom border-thin border-light-100 --accent text-danger-500"
              role="button"
              title="Cerrar sesión"
            >
              <i
                class="icon --icon-20 --inherit"
              >
                <mock-icon
                  name="exit"
                />
              </i>
              <span
                class="text-left flex-grow-1"
              >
                Cerrar sesión
              </span>
              <i
                class="icon --icon-16 --inherit"
              >
                <mock-icon
                  name="arrow-right"
                />
              </i>
            </button>
          </li>
        </ul>
      </div>
    </div>
  </div>
</div>
`;
